  Determining projects to restore...
  Restored /Users/polar/Documents/Projects/github.com/monokrome/PkHex.js/lib/PKHeX/PKHeX.Core/PKHeX.Core.csproj (in 38 ms).
  Restored /Users/polar/Documents/Projects/github.com/monokrome/PkHex.js/src/PKHeXWasm/PKHeXWasm.csproj (in 127 ms).
  PKHeX.Core -> /Users/polar/Documents/Projects/github.com/monokrome/PkHex.js/lib/PKHeX/PKHeX.Core/bin/Release/net9.0/PKHeX.Core.dll
/Users/polar/Documents/Projects/github.com/monokrome/PkHex.js/src/PKHeXWasm/Helpers/ApiHelpers.cs(47,16): warning IL2026: Using member 'System.Text.Json.JsonSerializer.Serialize<TValue>(TValue, JsonSerializerOptions)' which has 'RequiresUnreferencedCodeAttribute' can break functionality when trimming application code. JSON serialization and deserialization might require types that cannot be statically analyzed. Use the overload that takes a JsonTypeInfo or JsonSerializerContext, or make sure all of the required types are preserved. [/Users/polar/Documents/Projects/github.com/monokrome/PkHex.js/src/PKHeXWasm/PKHeXWasm.csproj]
/Users/polar/Documents/Projects/github.com/monokrome/PkHex.js/src/PKHeXWasm/Helpers/ApiHelpers.cs(42,16): warning IL2026: Using member 'System.Text.Json.JsonSerializer.Serialize<TValue>(TValue, JsonSerializerOptions)' which has 'RequiresUnreferencedCodeAttribute' can break functionality when trimming application code. JSON serialization and deserialization might require types that cannot be statically analyzed. Use the overload that takes a JsonTypeInfo or JsonSerializerContext, or make sure all of the required types are preserved. [/Users/polar/Documents/Projects/github.com/monokrome/PkHex.js/src/PKHeXWasm/PKHeXWasm.csproj]
/Users/polar/Documents/Projects/github.com/monokrome/PkHex.js/src/PKHeXWasm/Api/PKHeXWasmApi.cs(91,6): warning CA1416: This call site is reachable on all platforms. 'JSExportAttribute' is only supported on: 'browser'. (https://learn.microsoft.com/dotnet/fundamentals/code-analysis/quality-rules/ca1416) [/Users/polar/Documents/Projects/github.com/monokrome/PkHex.js/src/PKHeXWasm/PKHeXWasm.csproj]
/Users/polar/Documents/Projects/github.com/monokrome/PkHex.js/src/PKHeXWasm/Api/PKHeXWasmApi.cs(18,6): warning CA1416: This call site is reachable on all platforms. 'JSExportAttribute' is only supported on: 'browser'. (https://learn.microsoft.com/dotnet/fundamentals/code-analysis/quality-rules/ca1416) [/Users/polar/Documents/Projects/github.com/monokrome/PkHex.js/src/PKHeXWasm/PKHeXWasm.csproj]
/Users/polar/Documents/Projects/github.com/monokrome/PkHex.js/src/PKHeXWasm/Api/PKHeXWasmApi.cs(71,6): warning CA1416: This call site is reachable on all platforms. 'JSExportAttribute' is only supported on: 'browser'. (https://learn.microsoft.com/dotnet/fundamentals/code-analysis/quality-rules/ca1416) [/Users/polar/Documents/Projects/github.com/monokrome/PkHex.js/src/PKHeXWasm/PKHeXWasm.csproj]
/Users/polar/Documents/Projects/github.com/monokrome/PkHex.js/src/PKHeXWasm/Api/PKHeXWasmApi.cs(108,6): warning CA1416: This call site is reachable on all platforms. 'JSExportAttribute' is only supported on: 'browser'. (https://learn.microsoft.com/dotnet/fundamentals/code-analysis/quality-rules/ca1416) [/Users/polar/Documents/Projects/github.com/monokrome/PkHex.js/src/PKHeXWasm/PKHeXWasm.csproj]
/Users/polar/Documents/Projects/github.com/monokrome/PkHex.js/src/PKHeXWasm/Api/PKHeXWasmApi.cs(46,6): warning CA1416: This call site is reachable on all platforms. 'JSExportAttribute' is only supported on: 'browser'. (https://learn.microsoft.com/dotnet/fundamentals/code-analysis/quality-rules/ca1416) [/Users/polar/Documents/Projects/github.com/monokrome/PkHex.js/src/PKHeXWasm/PKHeXWasm.csproj]
/Users/polar/Documents/Projects/github.com/monokrome/PkHex.js/src/PKHeXWasm/Api/PKHeXWasmApi.cs(146,6): warning CA1416: This call site is reachable on all platforms. 'JSExportAttribute' is only supported on: 'browser'. (https://learn.microsoft.com/dotnet/fundamentals/code-analysis/quality-rules/ca1416) [/Users/polar/Documents/Projects/github.com/monokrome/PkHex.js/src/PKHeXWasm/PKHeXWasm.csproj]
/Users/polar/Documents/Projects/github.com/monokrome/PkHex.js/src/PKHeXWasm/Api/PKHeXWasmApi.cs(210,6): warning CA1416: This call site is reachable on all platforms. 'JSExportAttribute' is only supported on: 'browser'. (https://learn.microsoft.com/dotnet/fundamentals/code-analysis/quality-rules/ca1416) [/Users/polar/Documents/Projects/github.com/monokrome/PkHex.js/src/PKHeXWasm/PKHeXWasm.csproj]
/Users/polar/Documents/Projects/github.com/monokrome/PkHex.js/src/PKHeXWasm/Api/PKHeXWasmApi.cs(183,6): warning CA1416: This call site is reachable on all platforms. 'JSExportAttribute' is only supported on: 'browser'. (https://learn.microsoft.com/dotnet/fundamentals/code-analysis/quality-rules/ca1416) [/Users/polar/Documents/Projects/github.com/monokrome/PkHex.js/src/PKHeXWasm/PKHeXWasm.csproj]
/Users/polar/Documents/Projects/github.com/monokrome/PkHex.js/src/PKHeXWasm/Api/PKHeXWasmApi.cs(237,6): warning CA1416: This call site is reachable on all platforms. 'JSExportAttribute' is only supported on: 'browser'. (https://learn.microsoft.com/dotnet/fundamentals/code-analysis/quality-rules/ca1416) [/Users/polar/Documents/Projects/github.com/monokrome/PkHex.js/src/PKHeXWasm/PKHeXWasm.csproj]
/Users/polar/Documents/Projects/github.com/monokrome/PkHex.js/src/PKHeXWasm/Api/PKHeXWasmApi.cs(259,24): warning IL2026: Using member 'System.Text.Json.JsonSerializer.Deserialize<TValue>(String, JsonSerializerOptions)' which has 'RequiresUnreferencedCodeAttribute' can break functionality when trimming application code. JSON serialization and deserialization might require types that cannot be statically analyzed. Use the overload that takes a JsonTypeInfo or JsonSerializerContext, or make sure all of the required types are preserved. [/Users/polar/Documents/Projects/github.com/monokrome/PkHex.js/src/PKHeXWasm/PKHeXWasm.csproj]
/Users/polar/Documents/Projects/github.com/monokrome/PkHex.js/src/PKHeXWasm/Api/PKHeXWasmApi.cs(271,6): warning CA1416: This call site is reachable on all platforms. 'JSExportAttribute' is only supported on: 'browser'. (https://learn.microsoft.com/dotnet/fundamentals/code-analysis/quality-rules/ca1416) [/Users/polar/Documents/Projects/github.com/monokrome/PkHex.js/src/PKHeXWasm/PKHeXWasm.csproj]
/Users/polar/Documents/Projects/github.com/monokrome/PkHex.js/src/PKHeXWasm/Api/PKHeXWasmApi.cs(310,6): warning CA1416: This call site is reachable on all platforms. 'JSExportAttribute' is only supported on: 'browser'. (https://learn.microsoft.com/dotnet/fundamentals/code-analysis/quality-rules/ca1416) [/Users/polar/Documents/Projects/github.com/monokrome/PkHex.js/src/PKHeXWasm/PKHeXWasm.csproj]
/Users/polar/Documents/Projects/github.com/monokrome/PkHex.js/src/PKHeXWasm/Api/PKHeXWasmApi.cs(335,6): warning CA1416: This call site is reachable on all platforms. 'JSExportAttribute' is only supported on: 'browser'. (https://learn.microsoft.com/dotnet/fundamentals/code-analysis/quality-rules/ca1416) [/Users/polar/Documents/Projects/github.com/monokrome/PkHex.js/src/PKHeXWasm/PKHeXWasm.csproj]
/Users/polar/Documents/Projects/github.com/monokrome/PkHex.js/src/PKHeXWasm/Api/PKHeXWasmApi.cs(593,6): warning CA1416: This call site is reachable on all platforms. 'JSExportAttribute' is only supported on: 'browser'. (https://learn.microsoft.com/dotnet/fundamentals/code-analysis/quality-rules/ca1416) [/Users/polar/Documents/Projects/github.com/monokrome/PkHex.js/src/PKHeXWasm/PKHeXWasm.csproj]
/Users/polar/Documents/Projects/github.com/monokrome/PkHex.js/src/PKHeXWasm/Api/PKHeXWasmApi.cs(635,6): warning CA1416: This call site is reachable on all platforms. 'JSExportAttribute' is only supported on: 'browser'. (https://learn.microsoft.com/dotnet/fundamentals/code-analysis/quality-rules/ca1416) [/Users/polar/Documents/Projects/github.com/monokrome/PkHex.js/src/PKHeXWasm/PKHeXWasm.csproj]
/Users/polar/Documents/Projects/github.com/monokrome/PkHex.js/src/PKHeXWasm/Api/PKHeXWasmApi.cs(668,6): warning CA1416: This call site is reachable on all platforms. 'JSExportAttribute' is only supported on: 'browser'. (https://learn.microsoft.com/dotnet/fundamentals/code-analysis/quality-rules/ca1416) [/Users/polar/Documents/Projects/github.com/monokrome/PkHex.js/src/PKHeXWasm/PKHeXWasm.csproj]
/Users/polar/Documents/Projects/github.com/monokrome/PkHex.js/src/PKHeXWasm/Api/PKHeXWasmApi.cs(696,6): warning CA1416: This call site is reachable on all platforms. 'JSExportAttribute' is only supported on: 'browser'. (https://learn.microsoft.com/dotnet/fundamentals/code-analysis/quality-rules/ca1416) [/Users/polar/Documents/Projects/github.com/monokrome/PkHex.js/src/PKHeXWasm/PKHeXWasm.csproj]
/Users/polar/Documents/Projects/github.com/monokrome/PkHex.js/src/PKHeXWasm/Api/PKHeXWasmApi.cs(798,6): warning CA1416: This call site is reachable on all platforms. 'JSExportAttribute' is only supported on: 'browser'. (https://learn.microsoft.com/dotnet/fundamentals/code-analysis/quality-rules/ca1416) [/Users/polar/Documents/Projects/github.com/monokrome/PkHex.js/src/PKHeXWasm/PKHeXWasm.csproj]
/Users/polar/Documents/Projects/github.com/monokrome/PkHex.js/src/PKHeXWasm/Api/PKHeXWasmApi.cs(832,6): warning CA1416: This call site is reachable on all platforms. 'JSExportAttribute' is only supported on: 'browser'. (https://learn.microsoft.com/dotnet/fundamentals/code-analysis/quality-rules/ca1416) [/Users/polar/Documents/Projects/github.com/monokrome/PkHex.js/src/PKHeXWasm/PKHeXWasm.csproj]
/Users/polar/Documents/Projects/github.com/monokrome/PkHex.js/src/PKHeXWasm/Api/PKHeXWasmApi.cs(862,6): warning CA1416: This call site is reachable on all platforms. 'JSExportAttribute' is only supported on: 'browser'. (https://learn.microsoft.com/dotnet/fundamentals/code-analysis/quality-rules/ca1416) [/Users/polar/Documents/Projects/github.com/monokrome/PkHex.js/src/PKHeXWasm/PKHeXWasm.csproj]
/Users/polar/Documents/Projects/github.com/monokrome/PkHex.js/src/PKHeXWasm/Api/PKHeXWasmApi.cs(912,6): warning CA1416: This call site is reachable on all platforms. 'JSExportAttribute' is only supported on: 'browser'. (https://learn.microsoft.com/dotnet/fundamentals/code-analysis/quality-rules/ca1416) [/Users/polar/Documents/Projects/github.com/monokrome/PkHex.js/src/PKHeXWasm/PKHeXWasm.csproj]
/Users/polar/Documents/Projects/github.com/monokrome/PkHex.js/src/PKHeXWasm/Api/PKHeXWasmApi.cs(1010,6): warning CA1416: This call site is reachable on all platforms. 'JSExportAttribute' is only supported on: 'browser'. (https://learn.microsoft.com/dotnet/fundamentals/code-analysis/quality-rules/ca1416) [/Users/polar/Documents/Projects/github.com/monokrome/PkHex.js/src/PKHeXWasm/PKHeXWasm.csproj]
/Users/polar/Documents/Projects/github.com/monokrome/PkHex.js/src/PKHeXWasm/Api/PKHeXWasmApi.cs(950,6): warning CA1416: This call site is reachable on all platforms. 'JSExportAttribute' is only supported on: 'browser'. (https://learn.microsoft.com/dotnet/fundamentals/code-analysis/quality-rules/ca1416) [/Users/polar/Documents/Projects/github.com/monokrome/PkHex.js/src/PKHeXWasm/PKHeXWasm.csproj]
/Users/polar/Documents/Projects/github.com/monokrome/PkHex.js/src/PKHeXWasm/Api/PKHeXWasmApi.cs(1070,6): warning CA1416: This call site is reachable on all platforms. 'JSExportAttribute' is only supported on: 'browser'. (https://learn.microsoft.com/dotnet/fundamentals/code-analysis/quality-rules/ca1416) [/Users/polar/Documents/Projects/github.com/monokrome/PkHex.js/src/PKHeXWasm/PKHeXWasm.csproj]
/Users/polar/Documents/Projects/github.com/monokrome/PkHex.js/src/PKHeXWasm/Api/PKHeXWasmApi.cs(1038,6): warning CA1416: This call site is reachable on all platforms. 'JSExportAttribute' is only supported on: 'browser'. (https://learn.microsoft.com/dotnet/fundamentals/code-analysis/quality-rules/ca1416) [/Users/polar/Documents/Projects/github.com/monokrome/PkHex.js/src/PKHeXWasm/PKHeXWasm.csproj]
/Users/polar/Documents/Projects/github.com/monokrome/PkHex.js/src/PKHeXWasm/Api/PKHeXWasmApi.cs(1098,6): warning CA1416: This call site is reachable on all platforms. 'JSExportAttribute' is only supported on: 'browser'. (https://learn.microsoft.com/dotnet/fundamentals/code-analysis/quality-rules/ca1416) [/Users/polar/Documents/Projects/github.com/monokrome/PkHex.js/src/PKHeXWasm/PKHeXWasm.csproj]
/Users/polar/Documents/Projects/github.com/monokrome/PkHex.js/src/PKHeXWasm/Api/PKHeXWasmApi.cs(1053,31): warning IL2026: Using member 'System.Text.Json.JsonSerializer.Deserialize<TValue>(String, JsonSerializerOptions)' which has 'RequiresUnreferencedCodeAttribute' can break functionality when trimming application code. JSON serialization and deserialization might require types that cannot be statically analyzed. Use the overload that takes a JsonTypeInfo or JsonSerializerContext, or make sure all of the required types are preserved. [/Users/polar/Documents/Projects/github.com/monokrome/PkHex.js/src/PKHeXWasm/PKHeXWasm.csproj]
/Users/polar/Documents/Projects/github.com/monokrome/PkHex.js/src/PKHeXWasm/Api/PKHeXWasmApi.cs(1127,6): warning CA1416: This call site is reachable on all platforms. 'JSExportAttribute' is only supported on: 'browser'. (https://learn.microsoft.com/dotnet/fundamentals/code-analysis/quality-rules/ca1416) [/Users/polar/Documents/Projects/github.com/monokrome/PkHex.js/src/PKHeXWasm/PKHeXWasm.csproj]
/Users/polar/Documents/Projects/github.com/monokrome/PkHex.js/src/PKHeXWasm/Api/PKHeXWasmApi.cs(1142,30): warning IL2026: Using member 'System.Text.Json.JsonSerializer.Deserialize<TValue>(String, JsonSerializerOptions)' which has 'RequiresUnreferencedCodeAttribute' can break functionality when trimming application code. JSON serialization and deserialization might require types that cannot be statically analyzed. Use the overload that takes a JsonTypeInfo or JsonSerializerContext, or make sure all of the required types are preserved. [/Users/polar/Documents/Projects/github.com/monokrome/PkHex.js/src/PKHeXWasm/PKHeXWasm.csproj]
/Users/polar/Documents/Projects/github.com/monokrome/PkHex.js/src/PKHeXWasm/Api/PKHeXWasmApi.cs(1151,6): warning CA1416: This call site is reachable on all platforms. 'JSExportAttribute' is only supported on: 'browser'. (https://learn.microsoft.com/dotnet/fundamentals/code-analysis/quality-rules/ca1416) [/Users/polar/Documents/Projects/github.com/monokrome/PkHex.js/src/PKHeXWasm/PKHeXWasm.csproj]
/Users/polar/Documents/Projects/github.com/monokrome/PkHex.js/src/PKHeXWasm/Api/PKHeXWasmApi.cs(1187,6): warning CA1416: This call site is reachable on all platforms. 'JSExportAttribute' is only supported on: 'browser'. (https://learn.microsoft.com/dotnet/fundamentals/code-analysis/quality-rules/ca1416) [/Users/polar/Documents/Projects/github.com/monokrome/PkHex.js/src/PKHeXWasm/PKHeXWasm.csproj]
/Users/polar/Documents/Projects/github.com/monokrome/PkHex.js/src/PKHeXWasm/Api/PKHeXWasmApi.cs(1224,6): warning CA1416: This call site is reachable on all platforms. 'JSExportAttribute' is only supported on: 'browser'. (https://learn.microsoft.com/dotnet/fundamentals/code-analysis/quality-rules/ca1416) [/Users/polar/Documents/Projects/github.com/monokrome/PkHex.js/src/PKHeXWasm/PKHeXWasm.csproj]
/Users/polar/Documents/Projects/github.com/monokrome/PkHex.js/src/PKHeXWasm/Api/PKHeXWasmApi.cs(1249,6): warning CA1416: This call site is reachable on all platforms. 'JSExportAttribute' is only supported on: 'browser'. (https://learn.microsoft.com/dotnet/fundamentals/code-analysis/quality-rules/ca1416) [/Users/polar/Documents/Projects/github.com/monokrome/PkHex.js/src/PKHeXWasm/PKHeXWasm.csproj]
/Users/polar/Documents/Projects/github.com/monokrome/PkHex.js/src/PKHeXWasm/Api/PKHeXWasmApi.cs(1283,6): warning CA1416: This call site is reachable on all platforms. 'JSExportAttribute' is only supported on: 'browser'. (https://learn.microsoft.com/dotnet/fundamentals/code-analysis/quality-rules/ca1416) [/Users/polar/Documents/Projects/github.com/monokrome/PkHex.js/src/PKHeXWasm/PKHeXWasm.csproj]
/Users/polar/Documents/Projects/github.com/monokrome/PkHex.js/src/PKHeXWasm/Api/PKHeXWasmApi.cs(1311,6): warning CA1416: This call site is reachable on all platforms. 'JSExportAttribute' is only supported on: 'browser'. (https://learn.microsoft.com/dotnet/fundamentals/code-analysis/quality-rules/ca1416) [/Users/polar/Documents/Projects/github.com/monokrome/PkHex.js/src/PKHeXWasm/PKHeXWasm.csproj]
/Users/polar/Documents/Projects/github.com/monokrome/PkHex.js/src/PKHeXWasm/Api/PKHeXWasmApi.cs(1400,6): warning CA1416: This call site is reachable on all platforms. 'JSExportAttribute' is only supported on: 'browser'. (https://learn.microsoft.com/dotnet/fundamentals/code-analysis/quality-rules/ca1416) [/Users/polar/Documents/Projects/github.com/monokrome/PkHex.js/src/PKHeXWasm/PKHeXWasm.csproj]
/Users/polar/Documents/Projects/github.com/monokrome/PkHex.js/src/PKHeXWasm/Api/PKHeXWasmApi.cs(1457,6): warning CA1416: This call site is reachable on all platforms. 'JSExportAttribute' is only supported on: 'browser'. (https://learn.microsoft.com/dotnet/fundamentals/code-analysis/quality-rules/ca1416) [/Users/polar/Documents/Projects/github.com/monokrome/PkHex.js/src/PKHeXWasm/PKHeXWasm.csproj]
/Users/polar/Documents/Projects/github.com/monokrome/PkHex.js/src/PKHeXWasm/Api/PKHeXWasmApi.cs(1522,6): warning CA1416: This call site is reachable on all platforms. 'JSExportAttribute' is only supported on: 'browser'. (https://learn.microsoft.com/dotnet/fundamentals/code-analysis/quality-rules/ca1416) [/Users/polar/Documents/Projects/github.com/monokrome/PkHex.js/src/PKHeXWasm/PKHeXWasm.csproj]
/Users/polar/Documents/Projects/github.com/monokrome/PkHex.js/src/PKHeXWasm/Api/PKHeXWasmApi.cs(1569,6): warning CA1416: This call site is reachable on all platforms. 'JSExportAttribute' is only supported on: 'browser'. (https://learn.microsoft.com/dotnet/fundamentals/code-analysis/quality-rules/ca1416) [/Users/polar/Documents/Projects/github.com/monokrome/PkHex.js/src/PKHeXWasm/PKHeXWasm.csproj]
/Users/polar/Documents/Projects/github.com/monokrome/PkHex.js/src/PKHeXWasm/Api/PKHeXWasmApi.cs(1659,6): warning CA1416: This call site is reachable on all platforms. 'JSExportAttribute' is only supported on: 'browser'. (https://learn.microsoft.com/dotnet/fundamentals/code-analysis/quality-rules/ca1416) [/Users/polar/Documents/Projects/github.com/monokrome/PkHex.js/src/PKHeXWasm/PKHeXWasm.csproj]
/Users/polar/Documents/Projects/github.com/monokrome/PkHex.js/src/PKHeXWasm/Api/PKHeXWasmApi.cs(1617,6): warning CA1416: This call site is reachable on all platforms. 'JSExportAttribute' is only supported on: 'browser'. (https://learn.microsoft.com/dotnet/fundamentals/code-analysis/quality-rules/ca1416) [/Users/polar/Documents/Projects/github.com/monokrome/PkHex.js/src/PKHeXWasm/PKHeXWasm.csproj]
/Users/polar/Documents/Projects/github.com/monokrome/PkHex.js/src/PKHeXWasm/Api/PKHeXWasmApi.cs(1694,6): warning CA1416: This call site is reachable on all platforms. 'JSExportAttribute' is only supported on: 'browser'. (https://learn.microsoft.com/dotnet/fundamentals/code-analysis/quality-rules/ca1416) [/Users/polar/Documents/Projects/github.com/monokrome/PkHex.js/src/PKHeXWasm/PKHeXWasm.csproj]
/Users/polar/Documents/Projects/github.com/monokrome/PkHex.js/src/PKHeXWasm/Api/PKHeXWasmApi.cs(1716,6): warning CA1416: This call site is reachable on all platforms. 'JSExportAttribute' is only supported on: 'browser'. (https://learn.microsoft.com/dotnet/fundamentals/code-analysis/quality-rules/ca1416) [/Users/polar/Documents/Projects/github.com/monokrome/PkHex.js/src/PKHeXWasm/PKHeXWasm.csproj]
/Users/polar/Documents/Projects/github.com/monokrome/PkHex.js/src/PKHeXWasm/Api/PKHeXWasmApi.cs(1738,6): warning CA1416: This call site is reachable on all platforms. 'JSExportAttribute' is only supported on: 'browser'. (https://learn.microsoft.com/dotnet/fundamentals/code-analysis/quality-rules/ca1416) [/Users/polar/Documents/Projects/github.com/monokrome/PkHex.js/src/PKHeXWasm/PKHeXWasm.csproj]
/Users/polar/Documents/Projects/github.com/monokrome/PkHex.js/src/PKHeXWasm/Api/PKHeXWasmApi.cs(1942,6): warning CA1416: This call site is reachable on all platforms. 'JSExportAttribute' is only supported on: 'browser'. (https://learn.microsoft.com/dotnet/fundamentals/code-analysis/quality-rules/ca1416) [/Users/polar/Documents/Projects/github.com/monokrome/PkHex.js/src/PKHeXWasm/PKHeXWasm.csproj]
/Users/polar/Documents/Projects/github.com/monokrome/PkHex.js/src/PKHeXWasm/Api/PKHeXWasmApi.cs(1982,6): warning CA1416: This call site is reachable on all platforms. 'JSExportAttribute' is only supported on: 'browser'. (https://learn.microsoft.com/dotnet/fundamentals/code-analysis/quality-rules/ca1416) [/Users/polar/Documents/Projects/github.com/monokrome/PkHex.js/src/PKHeXWasm/PKHeXWasm.csproj]
/Users/polar/Documents/Projects/github.com/monokrome/PkHex.js/src/PKHeXWasm/Api/PKHeXWasmApi.cs(1841,6): warning CA1416: This call site is reachable on all platforms. 'JSExportAttribute' is only supported on: 'browser'. (https://learn.microsoft.com/dotnet/fundamentals/code-analysis/quality-rules/ca1416) [/Users/polar/Documents/Projects/github.com/monokrome/PkHex.js/src/PKHeXWasm/PKHeXWasm.csproj]
/Users/polar/Documents/Projects/github.com/monokrome/PkHex.js/src/PKHeXWasm/Api/PKHeXWasmApi.cs(2023,6): warning CA1416: This call site is reachable on all platforms. 'JSExportAttribute' is only supported on: 'browser'. (https://learn.microsoft.com/dotnet/fundamentals/code-analysis/quality-rules/ca1416) [/Users/polar/Documents/Projects/github.com/monokrome/PkHex.js/src/PKHeXWasm/PKHeXWasm.csproj]
/Users/polar/Documents/Projects/github.com/monokrome/PkHex.js/src/PKHeXWasm/Api/PKHeXWasmApi.cs(2063,6): warning CA1416: This call site is reachable on all platforms. 'JSExportAttribute' is only supported on: 'browser'. (https://learn.microsoft.com/dotnet/fundamentals/code-analysis/quality-rules/ca1416) [/Users/polar/Documents/Projects/github.com/monokrome/PkHex.js/src/PKHeXWasm/PKHeXWasm.csproj]
/Users/polar/Documents/Projects/github.com/monokrome/PkHex.js/src/PKHeXWasm/Api/PKHeXWasmApi.cs(2104,6): warning CA1416: This call site is reachable on all platforms. 'JSExportAttribute' is only supported on: 'browser'. (https://learn.microsoft.com/dotnet/fundamentals/code-analysis/quality-rules/ca1416) [/Users/polar/Documents/Projects/github.com/monokrome/PkHex.js/src/PKHeXWasm/PKHeXWasm.csproj]
/Users/polar/Documents/Projects/github.com/monokrome/PkHex.js/src/PKHeXWasm/Api/PKHeXWasmApi.cs(2151,6): warning CA1416: This call site is reachable on all platforms. 'JSExportAttribute' is only supported on: 'browser'. (https://learn.microsoft.com/dotnet/fundamentals/code-analysis/quality-rules/ca1416) [/Users/polar/Documents/Projects/github.com/monokrome/PkHex.js/src/PKHeXWasm/PKHeXWasm.csproj]
/Users/polar/Documents/Projects/github.com/monokrome/PkHex.js/src/PKHeXWasm/Api/PKHeXWasmApi.cs(2200,6): warning CA1416: This call site is reachable on all platforms. 'JSExportAttribute' is only supported on: 'browser'. (https://learn.microsoft.com/dotnet/fundamentals/code-analysis/quality-rules/ca1416) [/Users/polar/Documents/Projects/github.com/monokrome/PkHex.js/src/PKHeXWasm/PKHeXWasm.csproj]
/Users/polar/Documents/Projects/github.com/monokrome/PkHex.js/src/PKHeXWasm/Api/PKHeXWasmApi.cs(2239,6): warning CA1416: This call site is reachable on all platforms. 'JSExportAttribute' is only supported on: 'browser'. (https://learn.microsoft.com/dotnet/fundamentals/code-analysis/quality-rules/ca1416) [/Users/polar/Documents/Projects/github.com/monokrome/PkHex.js/src/PKHeXWasm/PKHeXWasm.csproj]
/Users/polar/Documents/Projects/github.com/monokrome/PkHex.js/src/PKHeXWasm/Api/PKHeXWasmApi.cs(2276,6): warning CA1416: This call site is reachable on all platforms. 'JSExportAttribute' is only supported on: 'browser'. (https://learn.microsoft.com/dotnet/fundamentals/code-analysis/quality-rules/ca1416) [/Users/polar/Documents/Projects/github.com/monokrome/PkHex.js/src/PKHeXWasm/PKHeXWasm.csproj]
/Users/polar/Documents/Projects/github.com/monokrome/PkHex.js/src/PKHeXWasm/Api/PKHeXWasmApi.cs(2320,6): warning CA1416: This call site is reachable on all platforms. 'JSExportAttribute' is only supported on: 'browser'. (https://learn.microsoft.com/dotnet/fundamentals/code-analysis/quality-rules/ca1416) [/Users/polar/Documents/Projects/github.com/monokrome/PkHex.js/src/PKHeXWasm/PKHeXWasm.csproj]
/Users/polar/Documents/Projects/github.com/monokrome/PkHex.js/src/PKHeXWasm/Api/PKHeXWasmApi.cs(2362,6): warning CA1416: This call site is reachable on all platforms. 'JSExportAttribute' is only supported on: 'browser'. (https://learn.microsoft.com/dotnet/fundamentals/code-analysis/quality-rules/ca1416) [/Users/polar/Documents/Projects/github.com/monokrome/PkHex.js/src/PKHeXWasm/PKHeXWasm.csproj]
/Users/polar/Documents/Projects/github.com/monokrome/PkHex.js/src/PKHeXWasm/Api/PKHeXWasmApi.cs(2417,6): warning CA1416: This call site is reachable on all platforms. 'JSExportAttribute' is only supported on: 'browser'. (https://learn.microsoft.com/dotnet/fundamentals/code-analysis/quality-rules/ca1416) [/Users/polar/Documents/Projects/github.com/monokrome/PkHex.js/src/PKHeXWasm/PKHeXWasm.csproj]
/Users/polar/Documents/Projects/github.com/monokrome/PkHex.js/src/PKHeXWasm/Api/PKHeXWasmApi.cs(2568,6): warning CA1416: This call site is reachable on all platforms. 'JSExportAttribute' is only supported on: 'browser'. (https://learn.microsoft.com/dotnet/fundamentals/code-analysis/quality-rules/ca1416) [/Users/polar/Documents/Projects/github.com/monokrome/PkHex.js/src/PKHeXWasm/PKHeXWasm.csproj]
/Users/polar/Documents/Projects/github.com/monokrome/PkHex.js/src/PKHeXWasm/Api/PKHeXWasmApi.cs(2518,6): warning CA1416: This call site is reachable on all platforms. 'JSExportAttribute' is only supported on: 'browser'. (https://learn.microsoft.com/dotnet/fundamentals/code-analysis/quality-rules/ca1416) [/Users/polar/Documents/Projects/github.com/monokrome/PkHex.js/src/PKHeXWasm/PKHeXWasm.csproj]
/Users/polar/Documents/Projects/github.com/monokrome/PkHex.js/src/PKHeXWasm/Api/PKHeXWasmApi.cs(2536,24): warning IL2026: Using member 'System.Text.Json.JsonSerializer.Deserialize<TValue>(String, JsonSerializerOptions)' which has 'RequiresUnreferencedCodeAttribute' can break functionality when trimming application code. JSON serialization and deserialization might require types that cannot be statically analyzed. Use the overload that takes a JsonTypeInfo or JsonSerializerContext, or make sure all of the required types are preserved. [/Users/polar/Documents/Projects/github.com/monokrome/PkHex.js/src/PKHeXWasm/PKHeXWasm.csproj]
/Users/polar/Documents/Projects/github.com/monokrome/PkHex.js/src/PKHeXWasm/Api/PKHeXWasmApi.cs(2586,6): warning CA1416: This call site is reachable on all platforms. 'JSExportAttribute' is only supported on: 'browser'. (https://learn.microsoft.com/dotnet/fundamentals/code-analysis/quality-rules/ca1416) [/Users/polar/Documents/Projects/github.com/monokrome/PkHex.js/src/PKHeXWasm/PKHeXWasm.csproj]
/Users/polar/Documents/Projects/github.com/monokrome/PkHex.js/src/PKHeXWasm/Api/PKHeXWasmApi.cs(2603,6): warning CA1416: This call site is reachable on all platforms. 'JSExportAttribute' is only supported on: 'browser'. (https://learn.microsoft.com/dotnet/fundamentals/code-analysis/quality-rules/ca1416) [/Users/polar/Documents/Projects/github.com/monokrome/PkHex.js/src/PKHeXWasm/PKHeXWasm.csproj]
/Users/polar/Documents/Projects/github.com/monokrome/PkHex.js/src/PKHeXWasm/Api/PKHeXWasmApi.cs(2650,6): warning CA1416: This call site is reachable on all platforms. 'JSExportAttribute' is only supported on: 'browser'. (https://learn.microsoft.com/dotnet/fundamentals/code-analysis/quality-rules/ca1416) [/Users/polar/Documents/Projects/github.com/monokrome/PkHex.js/src/PKHeXWasm/PKHeXWasm.csproj]
/Users/polar/Documents/Projects/github.com/monokrome/PkHex.js/src/PKHeXWasm/Api/PKHeXWasmApi.cs(2620,6): warning CA1416: This call site is reachable on all platforms. 'JSExportAttribute' is only supported on: 'browser'. (https://learn.microsoft.com/dotnet/fundamentals/code-analysis/quality-rules/ca1416) [/Users/polar/Documents/Projects/github.com/monokrome/PkHex.js/src/PKHeXWasm/PKHeXWasm.csproj]
/Users/polar/Documents/Projects/github.com/monokrome/PkHex.js/src/PKHeXWasm/Api/PKHeXWasmApi.cs(2694,6): warning CA1416: This call site is reachable on all platforms. 'JSExportAttribute' is only supported on: 'browser'. (https://learn.microsoft.com/dotnet/fundamentals/code-analysis/quality-rules/ca1416) [/Users/polar/Documents/Projects/github.com/monokrome/PkHex.js/src/PKHeXWasm/PKHeXWasm.csproj]
/Users/polar/Documents/Projects/github.com/monokrome/PkHex.js/src/PKHeXWasm/Api/PKHeXWasmApi.cs(2710,6): warning CA1416: This call site is reachable on all platforms. 'JSExportAttribute' is only supported on: 'browser'. (https://learn.microsoft.com/dotnet/fundamentals/code-analysis/quality-rules/ca1416) [/Users/polar/Documents/Projects/github.com/monokrome/PkHex.js/src/PKHeXWasm/PKHeXWasm.csproj]
/Users/polar/Documents/Projects/github.com/monokrome/PkHex.js/src/PKHeXWasm/Api/PKHeXWasmApi.cs(2729,6): warning CA1416: This call site is reachable on all platforms. 'JSExportAttribute' is only supported on: 'browser'. (https://learn.microsoft.com/dotnet/fundamentals/code-analysis/quality-rules/ca1416) [/Users/polar/Documents/Projects/github.com/monokrome/PkHex.js/src/PKHeXWasm/PKHeXWasm.csproj]
/Users/polar/Documents/Projects/github.com/monokrome/PkHex.js/src/PKHeXWasm/Api/PKHeXWasmApi.cs(2672,6): warning CA1416: This call site is reachable on all platforms. 'JSExportAttribute' is only supported on: 'browser'. (https://learn.microsoft.com/dotnet/fundamentals/code-analysis/quality-rules/ca1416) [/Users/polar/Documents/Projects/github.com/monokrome/PkHex.js/src/PKHeXWasm/PKHeXWasm.csproj]
/Users/polar/Documents/Projects/github.com/monokrome/PkHex.js/src/PKHeXWasm/Api/PKHeXWasmApi.cs(2751,6): warning CA1416: This call site is reachable on all platforms. 'JSExportAttribute' is only supported on: 'browser'. (https://learn.microsoft.com/dotnet/fundamentals/code-analysis/quality-rules/ca1416) [/Users/polar/Documents/Projects/github.com/monokrome/PkHex.js/src/PKHeXWasm/PKHeXWasm.csproj]
/Users/polar/Documents/Projects/github.com/monokrome/PkHex.js/src/PKHeXWasm/Api/PKHeXWasmApi.cs(2770,6): warning CA1416: This call site is reachable on all platforms. 'JSExportAttribute' is only supported on: 'browser'. (https://learn.microsoft.com/dotnet/fundamentals/code-analysis/quality-rules/ca1416) [/Users/polar/Documents/Projects/github.com/monokrome/PkHex.js/src/PKHeXWasm/PKHeXWasm.csproj]
/Users/polar/Documents/Projects/github.com/monokrome/PkHex.js/src/PKHeXWasm/Api/PKHeXWasmApi.cs(2817,6): warning CA1416: This call site is reachable on all platforms. 'JSExportAttribute' is only supported on: 'browser'. (https://learn.microsoft.com/dotnet/fundamentals/code-analysis/quality-rules/ca1416) [/Users/polar/Documents/Projects/github.com/monokrome/PkHex.js/src/PKHeXWasm/PKHeXWasm.csproj]
/Users/polar/Documents/Projects/github.com/monokrome/PkHex.js/src/PKHeXWasm/Api/PKHeXWasmApi.cs(2857,6): warning CA1416: This call site is reachable on all platforms. 'JSExportAttribute' is only supported on: 'browser'. (https://learn.microsoft.com/dotnet/fundamentals/code-analysis/quality-rules/ca1416) [/Users/polar/Documents/Projects/github.com/monokrome/PkHex.js/src/PKHeXWasm/PKHeXWasm.csproj]
/Users/polar/Documents/Projects/github.com/monokrome/PkHex.js/src/PKHeXWasm/Api/PKHeXWasmApi.cs(2894,6): warning CA1416: This call site is reachable on all platforms. 'JSExportAttribute' is only supported on: 'browser'. (https://learn.microsoft.com/dotnet/fundamentals/code-analysis/quality-rules/ca1416) [/Users/polar/Documents/Projects/github.com/monokrome/PkHex.js/src/PKHeXWasm/PKHeXWasm.csproj]
/Users/polar/Documents/Projects/github.com/monokrome/PkHex.js/src/PKHeXWasm/Api/PKHeXWasmApi.cs(2875,28): warning IL2026: Using member 'System.Text.Json.JsonSerializer.Deserialize<TValue>(String, JsonSerializerOptions)' which has 'RequiresUnreferencedCodeAttribute' can break functionality when trimming application code. JSON serialization and deserialization might require types that cannot be statically analyzed. Use the overload that takes a JsonTypeInfo or JsonSerializerContext, or make sure all of the required types are preserved. [/Users/polar/Documents/Projects/github.com/monokrome/PkHex.js/src/PKHeXWasm/PKHeXWasm.csproj]
/Users/polar/Documents/Projects/github.com/monokrome/PkHex.js/src/PKHeXWasm/Api/PKHeXWasmApi.cs(2924,6): warning CA1416: This call site is reachable on all platforms. 'JSExportAttribute' is only supported on: 'browser'. (https://learn.microsoft.com/dotnet/fundamentals/code-analysis/quality-rules/ca1416) [/Users/polar/Documents/Projects/github.com/monokrome/PkHex.js/src/PKHeXWasm/PKHeXWasm.csproj]
/Users/polar/Documents/Projects/github.com/monokrome/PkHex.js/src/PKHeXWasm/Api/PKHeXWasmApi.cs(2954,6): warning CA1416: This call site is reachable on all platforms. 'JSExportAttribute' is only supported on: 'browser'. (https://learn.microsoft.com/dotnet/fundamentals/code-analysis/quality-rules/ca1416) [/Users/polar/Documents/Projects/github.com/monokrome/PkHex.js/src/PKHeXWasm/PKHeXWasm.csproj]
/Users/polar/Documents/Projects/github.com/monokrome/PkHex.js/src/PKHeXWasm/Api/PKHeXWasmApi.cs(3030,6): warning CA1416: This call site is reachable on all platforms. 'JSExportAttribute' is only supported on: 'browser'. (https://learn.microsoft.com/dotnet/fundamentals/code-analysis/quality-rules/ca1416) [/Users/polar/Documents/Projects/github.com/monokrome/PkHex.js/src/PKHeXWasm/PKHeXWasm.csproj]
/Users/polar/Documents/Projects/github.com/monokrome/PkHex.js/src/PKHeXWasm/Api/PKHeXWasmApi.cs(3072,6): warning CA1416: This call site is reachable on all platforms. 'JSExportAttribute' is only supported on: 'browser'. (https://learn.microsoft.com/dotnet/fundamentals/code-analysis/quality-rules/ca1416) [/Users/polar/Documents/Projects/github.com/monokrome/PkHex.js/src/PKHeXWasm/PKHeXWasm.csproj]
/Users/polar/Documents/Projects/github.com/monokrome/PkHex.js/src/PKHeXWasm/Api/PKHeXWasmApi.cs(3110,6): warning CA1416: This call site is reachable on all platforms. 'JSExportAttribute' is only supported on: 'browser'. (https://learn.microsoft.com/dotnet/fundamentals/code-analysis/quality-rules/ca1416) [/Users/polar/Documents/Projects/github.com/monokrome/PkHex.js/src/PKHeXWasm/PKHeXWasm.csproj]
/Users/polar/Documents/Projects/github.com/monokrome/PkHex.js/src/PKHeXWasm/Api/PKHeXWasmApi.cs(3144,6): warning CA1416: This call site is reachable on all platforms. 'JSExportAttribute' is only supported on: 'browser'. (https://learn.microsoft.com/dotnet/fundamentals/code-analysis/quality-rules/ca1416) [/Users/polar/Documents/Projects/github.com/monokrome/PkHex.js/src/PKHeXWasm/PKHeXWasm.csproj]
/Users/polar/Documents/Projects/github.com/monokrome/PkHex.js/src/PKHeXWasm/Api/PKHeXWasmApi.cs(3175,6): warning CA1416: This call site is reachable on all platforms. 'JSExportAttribute' is only supported on: 'browser'. (https://learn.microsoft.com/dotnet/fundamentals/code-analysis/quality-rules/ca1416) [/Users/polar/Documents/Projects/github.com/monokrome/PkHex.js/src/PKHeXWasm/PKHeXWasm.csproj]
/Users/polar/Documents/Projects/github.com/monokrome/PkHex.js/src/PKHeXWasm/Api/PKHeXWasmApi.cs(3189,6): warning CA1416: This call site is reachable on all platforms. 'JSExportAttribute' is only supported on: 'browser'. (https://learn.microsoft.com/dotnet/fundamentals/code-analysis/quality-rules/ca1416) [/Users/polar/Documents/Projects/github.com/monokrome/PkHex.js/src/PKHeXWasm/PKHeXWasm.csproj]
/Users/polar/Documents/Projects/github.com/monokrome/PkHex.js/src/PKHeXWasm/Api/PKHeXWasmApi.cs(3206,6): warning CA1416: This call site is reachable on all platforms. 'JSExportAttribute' is only supported on: 'browser'. (https://learn.microsoft.com/dotnet/fundamentals/code-analysis/quality-rules/ca1416) [/Users/polar/Documents/Projects/github.com/monokrome/PkHex.js/src/PKHeXWasm/PKHeXWasm.csproj]
/Users/polar/Documents/Projects/github.com/monokrome/PkHex.js/src/PKHeXWasm/Api/PKHeXWasmApi.cs(3220,6): warning CA1416: This call site is reachable on all platforms. 'JSExportAttribute' is only supported on: 'browser'. (https://learn.microsoft.com/dotnet/fundamentals/code-analysis/quality-rules/ca1416) [/Users/polar/Documents/Projects/github.com/monokrome/PkHex.js/src/PKHeXWasm/PKHeXWasm.csproj]
/Users/polar/Documents/Projects/github.com/monokrome/PkHex.js/src/PKHeXWasm/Api/PKHeXWasmApi.cs(3237,6): warning CA1416: This call site is reachable on all platforms. 'JSExportAttribute' is only supported on: 'browser'. (https://learn.microsoft.com/dotnet/fundamentals/code-analysis/quality-rules/ca1416) [/Users/polar/Documents/Projects/github.com/monokrome/PkHex.js/src/PKHeXWasm/PKHeXWasm.csproj]
/Users/polar/Documents/Projects/github.com/monokrome/PkHex.js/src/PKHeXWasm/Api/PKHeXWasmApi.cs(3251,6): warning CA1416: This call site is reachable on all platforms. 'JSExportAttribute' is only supported on: 'browser'. (https://learn.microsoft.com/dotnet/fundamentals/code-analysis/quality-rules/ca1416) [/Users/polar/Documents/Projects/github.com/monokrome/PkHex.js/src/PKHeXWasm/PKHeXWasm.csproj]
/Users/polar/Documents/Projects/github.com/monokrome/PkHex.js/src/PKHeXWasm/Api/PKHeXWasmApi.cs(3268,6): warning CA1416: This call site is reachable on all platforms. 'JSExportAttribute' is only supported on: 'browser'. (https://learn.microsoft.com/dotnet/fundamentals/code-analysis/quality-rules/ca1416) [/Users/polar/Documents/Projects/github.com/monokrome/PkHex.js/src/PKHeXWasm/PKHeXWasm.csproj]
/Users/polar/Documents/Projects/github.com/monokrome/PkHex.js/src/PKHeXWasm/Api/PKHeXWasmApi.cs(3282,6): warning CA1416: This call site is reachable on all platforms. 'JSExportAttribute' is only supported on: 'browser'. (https://learn.microsoft.com/dotnet/fundamentals/code-analysis/quality-rules/ca1416) [/Users/polar/Documents/Projects/github.com/monokrome/PkHex.js/src/PKHeXWasm/PKHeXWasm.csproj]
/Users/polar/Documents/Projects/github.com/monokrome/PkHex.js/src/PKHeXWasm/Api/PKHeXWasmApi.cs(3299,6): warning CA1416: This call site is reachable on all platforms. 'JSExportAttribute' is only supported on: 'browser'. (https://learn.microsoft.com/dotnet/fundamentals/code-analysis/quality-rules/ca1416) [/Users/polar/Documents/Projects/github.com/monokrome/PkHex.js/src/PKHeXWasm/PKHeXWasm.csproj]
/Users/polar/Documents/Projects/github.com/monokrome/PkHex.js/src/PKHeXWasm/Api/PKHeXWasmApi.cs(3313,6): warning CA1416: This call site is reachable on all platforms. 'JSExportAttribute' is only supported on: 'browser'. (https://learn.microsoft.com/dotnet/fundamentals/code-analysis/quality-rules/ca1416) [/Users/polar/Documents/Projects/github.com/monokrome/PkHex.js/src/PKHeXWasm/PKHeXWasm.csproj]
/Users/polar/Documents/Projects/github.com/monokrome/PkHex.js/src/PKHeXWasm/Api/PKHeXWasmApi.cs(3330,6): warning CA1416: This call site is reachable on all platforms. 'JSExportAttribute' is only supported on: 'browser'. (https://learn.microsoft.com/dotnet/fundamentals/code-analysis/quality-rules/ca1416) [/Users/polar/Documents/Projects/github.com/monokrome/PkHex.js/src/PKHeXWasm/PKHeXWasm.csproj]
/Users/polar/Documents/Projects/github.com/monokrome/PkHex.js/src/PKHeXWasm/Api/PKHeXWasmApi.cs(3344,6): warning CA1416: This call site is reachable on all platforms. 'JSExportAttribute' is only supported on: 'browser'. (https://learn.microsoft.com/dotnet/fundamentals/code-analysis/quality-rules/ca1416) [/Users/polar/Documents/Projects/github.com/monokrome/PkHex.js/src/PKHeXWasm/PKHeXWasm.csproj]
  PKHeXWasm -> /Users/polar/Documents/Projects/github.com/monokrome/PkHex.js/dist/bin/Release/PKHeXWasm.dll
/Users/polar/.nuget/packages/microsoft.net.illink.tasks/9.0.8/build/Microsoft.NET.ILLink.targets(220,5): warning : Property 'TrimmerDefaultAction' is deprecated in .NET 7 and higher and will be ignored. Use TrimMode instead. [/Users/polar/Documents/Projects/github.com/monokrome/PkHex.js/src/PKHeXWasm/PKHeXWasm.csproj]
  Optimizing assemblies for size. This process might take a while.
/Users/polar/Documents/Projects/github.com/monokrome/PkHex.js/lib/PKHeX/PKHeX.Core/Util/ReflectUtil.cs(124,35): Trim analysis warning IL2070: PKHeX.Core.ReflectUtil.<>c.<GetAllConstructors>b__13_0(TypeInfo): 'this' argument does not satisfy 'DynamicallyAccessedMemberTypes.PublicConstructors', 'DynamicallyAccessedMemberTypes.NonPublicConstructors' in call to 'System.Reflection.TypeInfo.DeclaredConstructors.get'. The parameter 'ti' of method 'PKHeX.Core.ReflectUtil.<>c.<GetAllConstructors>b__13_0(TypeInfo)' does not have matching annotations. The source value must declare at least the same requirements as those declared on the target location it is assigned to. [/Users/polar/Documents/Projects/github.com/monokrome/PkHex.js/src/PKHeXWasm/PKHeXWasm.csproj]
/Users/polar/Documents/Projects/github.com/monokrome/PkHex.js/lib/PKHeX/PKHeX.Core/Util/ReflectUtil.cs(127,35): Trim analysis warning IL2070: PKHeX.Core.ReflectUtil.<>c.<GetAllEvents>b__14_0(TypeInfo): 'this' argument does not satisfy 'DynamicallyAccessedMemberTypes.PublicEvents', 'DynamicallyAccessedMemberTypes.NonPublicEvents' in call to 'System.Reflection.TypeInfo.DeclaredEvents.get'. The parameter 'ti' of method 'PKHeX.Core.ReflectUtil.<>c.<GetAllEvents>b__14_0(TypeInfo)' does not have matching annotations. The source value must declare at least the same requirements as those declared on the target location it is assigned to. [/Users/polar/Documents/Projects/github.com/monokrome/PkHex.js/src/PKHeXWasm/PKHeXWasm.csproj]
/Users/polar/Documents/Projects/github.com/monokrome/PkHex.js/lib/PKHeX/PKHeX.Core/Util/ReflectUtil.cs(130,35): Trim analysis warning IL2070: PKHeX.Core.ReflectUtil.<>c.<GetAllFields>b__15_0(TypeInfo): 'this' argument does not satisfy 'DynamicallyAccessedMemberTypes.PublicFields', 'DynamicallyAccessedMemberTypes.NonPublicFields' in call to 'System.Reflection.TypeInfo.DeclaredFields.get'. The parameter 'ti' of method 'PKHeX.Core.ReflectUtil.<>c.<GetAllFields>b__15_0(TypeInfo)' does not have matching annotations. The source value must declare at least the same requirements as those declared on the target location it is assigned to. [/Users/polar/Documents/Projects/github.com/monokrome/PkHex.js/src/PKHeXWasm/PKHeXWasm.csproj]
/Users/polar/Documents/Projects/github.com/monokrome/PkHex.js/lib/PKHeX/PKHeX.Core/Util/ReflectUtil.cs(133,35): Trim analysis warning IL2070: PKHeX.Core.ReflectUtil.<>c.<GetAllMembers>b__16_0(TypeInfo): 'this' argument does not satisfy 'DynamicallyAccessedMemberTypes.All' in call to 'System.Reflection.TypeInfo.DeclaredMembers.get'. The parameter 'ti' of method 'PKHeX.Core.ReflectUtil.<>c.<GetAllMembers>b__16_0(TypeInfo)' does not have matching annotations. The source value must declare at least the same requirements as those declared on the target location it is assigned to. [/Users/polar/Documents/Projects/github.com/monokrome/PkHex.js/src/PKHeXWasm/PKHeXWasm.csproj]
/Users/polar/Documents/Projects/github.com/monokrome/PkHex.js/lib/PKHeX/PKHeX.Core/Util/ReflectUtil.cs(136,35): Trim analysis warning IL2070: PKHeX.Core.ReflectUtil.<>c.<GetAllMethods>b__17_0(TypeInfo): 'this' argument does not satisfy 'DynamicallyAccessedMemberTypes.PublicMethods', 'DynamicallyAccessedMemberTypes.NonPublicMethods' in call to 'System.Reflection.TypeInfo.DeclaredMethods.get'. The parameter 'ti' of method 'PKHeX.Core.ReflectUtil.<>c.<GetAllMethods>b__17_0(TypeInfo)' does not have matching annotations. The source value must declare at least the same requirements as those declared on the target location it is assigned to. [/Users/polar/Documents/Projects/github.com/monokrome/PkHex.js/src/PKHeXWasm/PKHeXWasm.csproj]
/Users/polar/Documents/Projects/github.com/monokrome/PkHex.js/lib/PKHeX/PKHeX.Core/Util/ReflectUtil.cs(139,35): Trim analysis warning IL2070: PKHeX.Core.ReflectUtil.<>c.<GetAllNestedTypes>b__18_0(TypeInfo): 'this' argument does not satisfy 'DynamicallyAccessedMemberTypes.PublicNestedTypes', 'DynamicallyAccessedMemberTypes.NonPublicNestedTypes' in call to 'System.Reflection.TypeInfo.DeclaredNestedTypes.get'. The parameter 'ti' of method 'PKHeX.Core.ReflectUtil.<>c.<GetAllNestedTypes>b__18_0(TypeInfo)' does not have matching annotations. The source value must declare at least the same requirements as those declared on the target location it is assigned to. [/Users/polar/Documents/Projects/github.com/monokrome/PkHex.js/src/PKHeXWasm/PKHeXWasm.csproj]
/Users/polar/Documents/Projects/github.com/monokrome/PkHex.js/lib/PKHeX/PKHeX.Core/Util/ReflectUtil.cs(142,35): Trim analysis warning IL2070: PKHeX.Core.ReflectUtil.<>c.<GetAllProperties>b__19_0(TypeInfo): 'this' argument does not satisfy 'DynamicallyAccessedMemberTypes.PublicProperties', 'DynamicallyAccessedMemberTypes.NonPublicProperties' in call to 'System.Reflection.TypeInfo.DeclaredProperties.get'. The parameter 'ti' of method 'PKHeX.Core.ReflectUtil.<>c.<GetAllProperties>b__19_0(TypeInfo)' does not have matching annotations. The source value must declare at least the same requirements as those declared on the target location it is assigned to. [/Users/polar/Documents/Projects/github.com/monokrome/PkHex.js/src/PKHeXWasm/PKHeXWasm.csproj]
/Users/polar/Documents/Projects/github.com/monokrome/PkHex.js/lib/PKHeX/PKHeX.Core/Legality/Assets/BinLinkerAccessor.cs(53,9): Trim analysis warning IL2026: PKHeX.Core.BinLinkerAccessor.Get(ReadOnlySpan<Byte>, ReadOnlySpan<Byte>): Using member 'System.ComponentModel.DataAnnotations.LengthAttribute.LengthAttribute(Int32, Int32)' which has 'RequiresUnreferencedCodeAttribute' can break functionality when trimming application code. Uses reflection to get the 'Count' property on types that don't implement ICollection. This 'Count' property may be trimmed. Ensure it is preserved. [/Users/polar/Documents/Projects/github.com/monokrome/PkHex.js/src/PKHeXWasm/PKHeXWasm.csproj]
/Users/polar/Documents/Projects/github.com/monokrome/PkHex.js/lib/PKHeX/PKHeX.Core/Legality/Assets/BinLinkerAccessor.cs(67,5): Trim analysis warning IL2026: PKHeX.Core.BinLinkerAccessor.SanityCheckIdentifier(ReadOnlySpan<Byte>, ReadOnlySpan<Byte>): Using member 'System.ComponentModel.DataAnnotations.LengthAttribute.LengthAttribute(Int32, Int32)' which has 'RequiresUnreferencedCodeAttribute' can break functionality when trimming application code. Uses reflection to get the 'Count' property on types that don't implement ICollection. This 'Count' property may be trimmed. Ensure it is preserved. [/Users/polar/Documents/Projects/github.com/monokrome/PkHex.js/src/PKHeXWasm/PKHeXWasm.csproj]
/Users/polar/Documents/Projects/github.com/monokrome/PkHex.js/lib/PKHeX/PKHeX.Core/Legality/Assets/BinLinkerAccessor16.cs(56,9): Trim analysis warning IL2026: PKHeX.Core.BinLinkerAccessor16.Get(ReadOnlySpan<Byte>, ReadOnlySpan<Byte>): Using member 'System.ComponentModel.DataAnnotations.LengthAttribute.LengthAttribute(Int32, Int32)' which has 'RequiresUnreferencedCodeAttribute' can break functionality when trimming application code. Uses reflection to get the 'Count' property on types that don't implement ICollection. This 'Count' property may be trimmed. Ensure it is preserved. [/Users/polar/Documents/Projects/github.com/monokrome/PkHex.js/src/PKHeXWasm/PKHeXWasm.csproj]
/Users/polar/Documents/Projects/github.com/monokrome/PkHex.js/lib/PKHeX/PKHeX.Core/Legality/Assets/BinLinkerAccessor16.cs(70,5): Trim analysis warning IL2026: PKHeX.Core.BinLinkerAccessor16.SanityCheckIdentifier(ReadOnlySpan<Byte>, ReadOnlySpan<Byte>): Using member 'System.ComponentModel.DataAnnotations.LengthAttribute.LengthAttribute(Int32, Int32)' which has 'RequiresUnreferencedCodeAttribute' can break functionality when trimming application code. Uses reflection to get the 'Count' property on types that don't implement ICollection. This 'Count' property may be trimmed. Ensure it is preserved. [/Users/polar/Documents/Projects/github.com/monokrome/PkHex.js/src/PKHeXWasm/PKHeXWasm.csproj]
/Users/polar/Documents/Projects/github.com/monokrome/PkHex.js/lib/PKHeX/PKHeX.Core/Legality/RNG/ClassicEra/Gen3/ChannelJirachi.cs(154,9): Trim analysis warning IL2026: PKHeX.Core.ChannelJirachi.GetMenuPattern(UInt32, Span<Byte>): Using member 'System.ComponentModel.DataAnnotations.LengthAttribute.LengthAttribute(Int32, Int32)' which has 'RequiresUnreferencedCodeAttribute' can break functionality when trimming application code. Uses reflection to get the 'Count' property on types that don't implement ICollection. This 'Count' property may be trimmed. Ensure it is preserved. [/Users/polar/Documents/Projects/github.com/monokrome/PkHex.js/src/PKHeXWasm/PKHeXWasm.csproj]
/Users/polar/Documents/Projects/github.com/monokrome/PkHex.js/lib/PKHeX/PKHeX.Core/Legality/Encounters/Data/Gen3/Encounters3FRLG.cs(19,12): Trim analysis warning IL2026: PKHeX.Core.Encounters3FRLG.GetRegular(String, ReadOnlySpan<Byte>, GameVersion): Using member 'System.ComponentModel.DataAnnotations.LengthAttribute.LengthAttribute(Int32, Int32)' which has 'RequiresUnreferencedCodeAttribute' can break functionality when trimming application code. Uses reflection to get the 'Count' property on types that don't implement ICollection. This 'Count' property may be trimmed. Ensure it is preserved. [/Users/polar/Documents/Projects/github.com/monokrome/PkHex.js/src/PKHeXWasm/PKHeXWasm.csproj]
/Users/polar/Documents/Projects/github.com/monokrome/PkHex.js/lib/PKHeX/PKHeX.Core/Legality/Encounters/Data/Gen3/Encounters3RSE.cs(21,12): Trim analysis warning IL2026: PKHeX.Core.Encounters3RSE.GetRegular(String, ReadOnlySpan<Byte>, GameVersion): Using member 'System.ComponentModel.DataAnnotations.LengthAttribute.LengthAttribute(Int32, Int32)' which has 'RequiresUnreferencedCodeAttribute' can break functionality when trimming application code. Uses reflection to get the 'Count' property on types that don't implement ICollection. This 'Count' property may be trimmed. Ensure it is preserved. [/Users/polar/Documents/Projects/github.com/monokrome/PkHex.js/src/PKHeXWasm/PKHeXWasm.csproj]
/Users/polar/Documents/Projects/github.com/monokrome/PkHex.js/lib/PKHeX/PKHeX.Core/Legality/Encounters/Data/Gen3/Encounters3RSE.cs(23,12): Trim analysis warning IL2026: PKHeX.Core.Encounters3RSE.GetSwarm(String, ReadOnlySpan<Byte>, GameVersion): Using member 'System.ComponentModel.DataAnnotations.LengthAttribute.LengthAttribute(Int32, Int32)' which has 'RequiresUnreferencedCodeAttribute' can break functionality when trimming application code. Uses reflection to get the 'Count' property on types that don't implement ICollection. This 'Count' property may be trimmed. Ensure it is preserved. [/Users/polar/Documents/Projects/github.com/monokrome/PkHex.js/src/PKHeXWasm/PKHeXWasm.csproj]
/Users/polar/Documents/Projects/github.com/monokrome/PkHex.js/lib/PKHeX/PKHeX.Core/Legality/Encounters/Data/Gen8/Encounters8Nest.cs(311,9): Trim analysis warning IL2026: PKHeX.Core.Encounters8Nest.GetBase(String, GameVersion): Using member 'System.ComponentModel.DataAnnotations.LengthAttribute.LengthAttribute(Int32, Int32)' which has 'RequiresUnreferencedCodeAttribute' can break functionality when trimming application code. Uses reflection to get the 'Count' property on types that don't implement ICollection. This 'Count' property may be trimmed. Ensure it is preserved. [/Users/polar/Documents/Projects/github.com/monokrome/PkHex.js/src/PKHeXWasm/PKHeXWasm.csproj]
/Users/polar/Documents/Projects/github.com/monokrome/PkHex.js/lib/PKHeX/PKHeX.Core/Legality/Encounters/Data/Gen8/Encounters8Nest.cs(326,9): Trim analysis warning IL2026: PKHeX.Core.Encounters8Nest.GetDist(String, GameVersion): Using member 'System.ComponentModel.DataAnnotations.LengthAttribute.LengthAttribute(Int32, Int32)' which has 'RequiresUnreferencedCodeAttribute' can break functionality when trimming application code. Uses reflection to get the 'Count' property on types that don't implement ICollection. This 'Count' property may be trimmed. Ensure it is preserved. [/Users/polar/Documents/Projects/github.com/monokrome/PkHex.js/src/PKHeXWasm/PKHeXWasm.csproj]
/Users/polar/Documents/Projects/github.com/monokrome/PkHex.js/lib/PKHeX/PKHeX.Core/Legality/Encounters/Data/EncounterUtil.cs(29,12): Trim analysis warning IL2026: PKHeX.Core.EncounterUtil.Get(String, ReadOnlySpan<Byte>): Using member 'System.ComponentModel.DataAnnotations.LengthAttribute.LengthAttribute(Int32, Int32)' which has 'RequiresUnreferencedCodeAttribute' can break functionality when trimming application code. Uses reflection to get the 'Count' property on types that don't implement ICollection. This 'Count' property may be trimmed. Ensure it is preserved. [/Users/polar/Documents/Projects/github.com/monokrome/PkHex.js/src/PKHeXWasm/PKHeXWasm.csproj]
/Users/polar/Documents/Projects/github.com/monokrome/PkHex.js/lib/PKHeX/PKHeX.Core/Legality/Encounters/Data/EncounterUtil.cs(35,12): Trim analysis warning IL2026: PKHeX.Core.EncounterUtil.Get16(String, ReadOnlySpan<Byte>): Using member 'System.ComponentModel.DataAnnotations.LengthAttribute.LengthAttribute(Int32, Int32)' which has 'RequiresUnreferencedCodeAttribute' can break functionality when trimming application code. Uses reflection to get the 'Count' property on types that don't implement ICollection. This 'Count' property may be trimmed. Ensure it is preserved. [/Users/polar/Documents/Projects/github.com/monokrome/PkHex.js/src/PKHeXWasm/PKHeXWasm.csproj]
/Users/polar/Documents/Projects/github.com/monokrome/PkHex.js/lib/PKHeX/PKHeX.Core/PKM/Util/EntityBlank.cs(28,30): Trim analysis warning IL2070: PKHeX.Core.EntityBlank.GetBlank(TypeInfo): 'this' argument does not satisfy 'DynamicallyAccessedMemberTypes.PublicConstructors', 'DynamicallyAccessedMemberTypes.NonPublicConstructors' in call to 'System.Reflection.TypeInfo.DeclaredConstructors.get'. The parameter 'type' of method 'PKHeX.Core.EntityBlank.GetBlank(TypeInfo)' does not have matching annotations. The source value must declare at least the same requirements as those declared on the target location it is assigned to. [/Users/polar/Documents/Projects/github.com/monokrome/PkHex.js/src/PKHeXWasm/PKHeXWasm.csproj]
/Users/polar/Documents/Projects/github.com/monokrome/PkHex.js/lib/PKHeX/PKHeX.Core/PKM/Util/EntityBlank.cs(70,9): Trim analysis warning IL2057: PKHeX.Core.EntityBlank.GetBlank(Byte): Unrecognized value passed to the parameter 'typeName' of method 'System.Type.GetType(String)'. It's not possible to guarantee the availability of the target type. [/Users/polar/Documents/Projects/github.com/monokrome/PkHex.js/src/PKHeXWasm/PKHeXWasm.csproj]
/Users/polar/Documents/Projects/github.com/monokrome/PkHex.js/lib/PKHeX/PKHeX.Core/Legality/Evolutions/EvolutionTree.cs(32,9): Trim analysis warning IL2026: PKHeX.Core.EvolutionTree.Get(String, ReadOnlySpan<Byte>, Byte): Using member 'System.ComponentModel.DataAnnotations.LengthAttribute.LengthAttribute(Int32, Int32)' which has 'RequiresUnreferencedCodeAttribute' can break functionality when trimming application code. Uses reflection to get the 'Count' property on types that don't implement ICollection. This 'Count' property may be trimmed. Ensure it is preserved. [/Users/polar/Documents/Projects/github.com/monokrome/PkHex.js/src/PKHeXWasm/PKHeXWasm.csproj]
/Users/polar/Documents/Projects/github.com/monokrome/PkHex.js/lib/PKHeX/PKHeX.Core/Util/Localization/LocalizationUtil.cs(34,9): Trim analysis warning IL2070: PKHeX.Core.LocalizationUtil.DumpStrings(Type): 'this' argument does not satisfy 'DynamicallyAccessedMemberTypes.PublicProperties', 'DynamicallyAccessedMemberTypes.NonPublicProperties' in call to 'System.Reflection.TypeInfo.DeclaredProperties.get'. The parameter 't' of method 'PKHeX.Core.LocalizationUtil.DumpStrings(Type)' does not have matching annotations. The source value must declare at least the same requirements as those declared on the target location it is assigned to. [/Users/polar/Documents/Projects/github.com/monokrome/PkHex.js/src/PKHeXWasm/PKHeXWasm.csproj]
/Users/polar/Documents/Projects/github.com/monokrome/PkHex.js/lib/PKHeX/PKHeX.Core/Util/Localization/LocalizationUtil.cs(80,27): Trim analysis warning IL2070: PKHeX.Core.LocalizationUtil.SetLocalization(Type, ReadOnlySpan<String>): 'this' argument does not satisfy 'DynamicallyAccessedMemberTypes.PublicProperties', 'DynamicallyAccessedMemberTypes.NonPublicProperties' in call to 'System.Reflection.TypeInfo.DeclaredProperties.get'. The parameter 't' of method 'PKHeX.Core.LocalizationUtil.SetLocalization(Type, ReadOnlySpan<String>)' does not have matching annotations. The source value must declare at least the same requirements as those declared on the target location it is assigned to. [/Users/polar/Documents/Projects/github.com/monokrome/PkHex.js/src/PKHeXWasm/PKHeXWasm.csproj]
/Users/polar/Documents/Projects/github.com/monokrome/PkHex.js/lib/PKHeX/PKHeX.Core/Util/ReflectUtil.cs(191,9): Trim analysis warning IL2070: PKHeX.Core.ReflectUtil.GetAllConstantsOfType<T>(Type): 'this' argument does not satisfy 'DynamicallyAccessedMemberTypes.PublicFields', 'DynamicallyAccessedMemberTypes.NonPublicFields' in call to 'System.Type.GetFields(BindingFlags)'. The parameter 'type' of method 'PKHeX.Core.ReflectUtil.GetAllConstantsOfType<T>(Type)' does not have matching annotations. The source value must declare at least the same requirements as those declared on the target location it is assigned to. [/Users/polar/Documents/Projects/github.com/monokrome/PkHex.js/src/PKHeXWasm/PKHeXWasm.csproj]
/Users/polar/Documents/Projects/github.com/monokrome/PkHex.js/lib/PKHeX/PKHeX.Core/Util/ReflectUtil.cs(198,9): Trim analysis warning IL2070: PKHeX.Core.ReflectUtil.GetAllPropertiesOfType<T>(Type, Object): 'this' argument does not satisfy 'DynamicallyAccessedMemberTypes.PublicProperties', 'DynamicallyAccessedMemberTypes.NonPublicProperties' in call to 'System.Type.GetProperties(BindingFlags)'. The parameter 'type' of method 'PKHeX.Core.ReflectUtil.GetAllPropertiesOfType<T>(Type, Object)' does not have matching annotations. The source value must declare at least the same requirements as those declared on the target location it is assigned to. [/Users/polar/Documents/Projects/github.com/monokrome/PkHex.js/src/PKHeXWasm/PKHeXWasm.csproj]
/Users/polar/Documents/Projects/github.com/monokrome/PkHex.js/lib/PKHeX/PKHeX.Core/Util/ReflectUtil.cs(170,13): Trim analysis warning IL2075: PKHeX.Core.ReflectUtil.TryGetPropertyInfo(TypeInfo, String, PropertyInfo&): 'this' argument does not satisfy 'DynamicallyAccessedMemberTypes.PublicProperties', 'DynamicallyAccessedMemberTypes.NonPublicProperties' in call to 'System.Reflection.TypeInfo.GetDeclaredProperty(String)'. The return value of method 'System.Collections.Generic.IEnumerator<T>.Current.get' does not have matching annotations. The source value must declare at least the same requirements as those declared on the target location it is assigned to. [/Users/polar/Documents/Projects/github.com/monokrome/PkHex.js/src/PKHeXWasm/PKHeXWasm.csproj]
/Users/polar/Documents/Projects/github.com/monokrome/PkHex.js/lib/PKHeX/PKHeX.Core/Util/ReflectUtil.cs(173,31): Trim analysis warning IL2075: PKHeX.Core.ReflectUtil.TryGetPropertyInfo(TypeInfo, String, PropertyInfo&): 'this' argument does not satisfy 'DynamicallyAccessedMemberTypes.Interfaces' in call to 'System.Reflection.TypeInfo.ImplementedInterfaces.get'. The return value of method 'System.Collections.Generic.IEnumerator<T>.Current.get' does not have matching annotations. The source value must declare at least the same requirements as those declared on the target location it is assigned to. [/Users/polar/Documents/Projects/github.com/monokrome/PkHex.js/src/PKHeXWasm/PKHeXWasm.csproj]
/Users/polar/Documents/Projects/github.com/monokrome/PkHex.js/lib/PKHeX/PKHeX.Core/Util/ReflectUtil.cs(175,17): Trim analysis warning IL2075: PKHeX.Core.ReflectUtil.TryGetPropertyInfo(TypeInfo, String, PropertyInfo&): 'this' argument does not satisfy 'DynamicallyAccessedMemberTypes.PublicProperties', 'DynamicallyAccessedMemberTypes.NonPublicProperties' in call to 'System.Reflection.TypeInfo.GetDeclaredProperty(String)'. The return value of method 'System.Collections.Generic.IEnumerator<T>.Current.get' does not have matching annotations. The source value must declare at least the same requirements as those declared on the target location it is assigned to. [/Users/polar/Documents/Projects/github.com/monokrome/PkHex.js/src/PKHeXWasm/PKHeXWasm.csproj]
/Users/polar/Documents/Projects/github.com/monokrome/PkHex.js/lib/PKHeX/PKHeX.Core/Util/ValueTypeTypeConverter.cs(24,13): Trim analysis warning IL2075: PKHeX.Core.ValueTypeTypeConverter.CreateInstance(ITypeDescriptorContext, IDictionary): 'this' argument does not satisfy 'DynamicallyAccessedMemberTypes.PublicProperties' in call to 'System.Type.GetProperty(String)'. The return value of method 'System.ComponentModel.PropertyDescriptor.PropertyType.get' does not have matching annotations. The source value must declare at least the same requirements as those declared on the target location it is assigned to. [/Users/polar/Documents/Projects/github.com/monokrome/PkHex.js/src/PKHeXWasm/PKHeXWasm.csproj]
/Users/polar/Documents/Projects/github.com/monokrome/PkHex.js/src/PKHeXWasm/Api/PKHeXWasmApi.cs(1053,13): Trim analysis warning IL2026: PKHeXWasm.Api.PKHeXWasmApi.<>c__DisplayClass26_0.<SetTrainerInfo>b__0(): Using member 'System.Text.Json.JsonSerializer.Deserialize<TValue>(String, JsonSerializerOptions)' which has 'RequiresUnreferencedCodeAttribute' can break functionality when trimming application code. JSON serialization and deserialization might require types that cannot be statically analyzed. Use the overload that takes a JsonTypeInfo or JsonSerializerContext, or make sure all of the required types are preserved. [/Users/polar/Documents/Projects/github.com/monokrome/PkHex.js/src/PKHeXWasm/PKHeXWasm.csproj]
/Users/polar/Documents/Projects/github.com/monokrome/PkHex.js/src/PKHeXWasm/Api/PKHeXWasmApi.cs(1142,13): Trim analysis warning IL2026: PKHeXWasm.Api.PKHeXWasmApi.<>c__DisplayClass29_0.<SetTrainerAppearance>b__0(): Using member 'System.Text.Json.JsonSerializer.Deserialize<TValue>(String, JsonSerializerOptions)' which has 'RequiresUnreferencedCodeAttribute' can break functionality when trimming application code. JSON serialization and deserialization might require types that cannot be statically analyzed. Use the overload that takes a JsonTypeInfo or JsonSerializerContext, or make sure all of the required types are preserved. [/Users/polar/Documents/Projects/github.com/monokrome/PkHex.js/src/PKHeXWasm/PKHeXWasm.csproj]
/Users/polar/Documents/Projects/github.com/monokrome/PkHex.js/src/PKHeXWasm/Api/PKHeXWasmApi.cs(2536,13): Trim analysis warning IL2026: PKHeXWasm.Api.PKHeXWasmApi.<>c__DisplayClass58_0.<SetHallOfFameEntry>b__0(): Using member 'System.Text.Json.JsonSerializer.Deserialize<TValue>(String, JsonSerializerOptions)' which has 'RequiresUnreferencedCodeAttribute' can break functionality when trimming application code. JSON serialization and deserialization might require types that cannot be statically analyzed. Use the overload that takes a JsonTypeInfo or JsonSerializerContext, or make sure all of the required types are preserved. [/Users/polar/Documents/Projects/github.com/monokrome/PkHex.js/src/PKHeXWasm/PKHeXWasm.csproj]
/Users/polar/Documents/Projects/github.com/monokrome/PkHex.js/src/PKHeXWasm/Api/PKHeXWasmApi.cs(2875,13): Trim analysis warning IL2026: PKHeXWasm.Api.PKHeXWasmApi.<>c__DisplayClass71_0.<SetMysteryGiftCard>b__0(): Using member 'System.Text.Json.JsonSerializer.Deserialize<TValue>(String, JsonSerializerOptions)' which has 'RequiresUnreferencedCodeAttribute' can break functionality when trimming application code. JSON serialization and deserialization might require types that cannot be statically analyzed. Use the overload that takes a JsonTypeInfo or JsonSerializerContext, or make sure all of the required types are preserved. [/Users/polar/Documents/Projects/github.com/monokrome/PkHex.js/src/PKHeXWasm/PKHeXWasm.csproj]
/Users/polar/Documents/Projects/github.com/monokrome/PkHex.js/src/PKHeXWasm/Api/PKHeXWasmApi.cs(259,13): Trim analysis warning IL2026: PKHeXWasm.Api.PKHeXWasmApi.<>c__DisplayClass9_0.<ModifyPokemon>b__0(): Using member 'System.Text.Json.JsonSerializer.Deserialize<TValue>(String, JsonSerializerOptions)' which has 'RequiresUnreferencedCodeAttribute' can break functionality when trimming application code. JSON serialization and deserialization might require types that cannot be statically analyzed. Use the overload that takes a JsonTypeInfo or JsonSerializerContext, or make sure all of the required types are preserved. [/Users/polar/Documents/Projects/github.com/monokrome/PkHex.js/src/PKHeXWasm/PKHeXWasm.csproj]
/Users/polar/Documents/Projects/github.com/monokrome/PkHex.js/src/PKHeXWasm/Helpers/ApiHelpers.cs(42,9): Trim analysis warning IL2026: PKHeXWasm.Helpers.ApiHelpers.SerializeError(String, String): Using member 'System.Text.Json.JsonSerializer.Serialize<TValue>(TValue, JsonSerializerOptions)' which has 'RequiresUnreferencedCodeAttribute' can break functionality when trimming application code. JSON serialization and deserialization might require types that cannot be statically analyzed. Use the overload that takes a JsonTypeInfo or JsonSerializerContext, or make sure all of the required types are preserved. [/Users/polar/Documents/Projects/github.com/monokrome/PkHex.js/src/PKHeXWasm/PKHeXWasm.csproj]
/Users/polar/Documents/Projects/github.com/monokrome/PkHex.js/src/PKHeXWasm/Helpers/ApiHelpers.cs(47,9): Trim analysis warning IL2026: PKHeXWasm.Helpers.ApiHelpers.SerializeSuccess<T>(T): Using member 'System.Text.Json.JsonSerializer.Serialize<TValue>(TValue, JsonSerializerOptions)' which has 'RequiresUnreferencedCodeAttribute' can break functionality when trimming application code. JSON serialization and deserialization might require types that cannot be statically analyzed. Use the overload that takes a JsonTypeInfo or JsonSerializerContext, or make sure all of the required types are preserved. [/Users/polar/Documents/Projects/github.com/monokrome/PkHex.js/src/PKHeXWasm/PKHeXWasm.csproj]
TrimmerRoots.xml(26,6): warning IL2008: Could not resolve type 'PKHeX.Core.LegalityCheckResult'. [/Users/polar/Documents/Projects/github.com/monokrome/PkHex.js/src/PKHeXWasm/PKHeXWasm.csproj]
  PKHeXWasm -> /Users/polar/Documents/Projects/github.com/monokrome/PkHex.js/dist/publish/
  PKHeX.Core -> /Users/polar/Documents/Projects/github.com/monokrome/PkHex.js/lib/PKHeX/PKHeX.Core/bin/Release/net9.0/PKHeX.Core.dll
/Users/polar/Documents/Projects/github.com/monokrome/PkHex.js/src/PKHeXWasm/Helpers/ApiHelpers.cs(42,16): warning IL2026: Using member 'System.Text.Json.JsonSerializer.Serialize<TValue>(TValue, JsonSerializerOptions)' which has 'RequiresUnreferencedCodeAttribute' can break functionality when trimming application code. JSON serialization and deserialization might require types that cannot be statically analyzed. Use the overload that takes a JsonTypeInfo or JsonSerializerContext, or make sure all of the required types are preserved. [/Users/polar/Documents/Projects/github.com/monokrome/PkHex.js/src/PKHeXWasm/PKHeXWasm.csproj]
/Users/polar/Documents/Projects/github.com/monokrome/PkHex.js/src/PKHeXWasm/Helpers/ApiHelpers.cs(47,16): warning IL2026: Using member 'System.Text.Json.JsonSerializer.Serialize<TValue>(TValue, JsonSerializerOptions)' which has 'RequiresUnreferencedCodeAttribute' can break functionality when trimming application code. JSON serialization and deserialization might require types that cannot be statically analyzed. Use the overload that takes a JsonTypeInfo or JsonSerializerContext, or make sure all of the required types are preserved. [/Users/polar/Documents/Projects/github.com/monokrome/PkHex.js/src/PKHeXWasm/PKHeXWasm.csproj]
/Users/polar/Documents/Projects/github.com/monokrome/PkHex.js/src/PKHeXWasm/Api/PKHeXWasmApi.cs(46,6): warning CA1416: This call site is reachable on all platforms. 'JSExportAttribute' is only supported on: 'browser'. (https://learn.microsoft.com/dotnet/fundamentals/code-analysis/quality-rules/ca1416) [/Users/polar/Documents/Projects/github.com/monokrome/PkHex.js/src/PKHeXWasm/PKHeXWasm.csproj]
/Users/polar/Documents/Projects/github.com/monokrome/PkHex.js/src/PKHeXWasm/Api/PKHeXWasmApi.cs(18,6): warning CA1416: This call site is reachable on all platforms. 'JSExportAttribute' is only supported on: 'browser'. (https://learn.microsoft.com/dotnet/fundamentals/code-analysis/quality-rules/ca1416) [/Users/polar/Documents/Projects/github.com/monokrome/PkHex.js/src/PKHeXWasm/PKHeXWasm.csproj]
/Users/polar/Documents/Projects/github.com/monokrome/PkHex.js/src/PKHeXWasm/Api/PKHeXWasmApi.cs(91,6): warning CA1416: This call site is reachable on all platforms. 'JSExportAttribute' is only supported on: 'browser'. (https://learn.microsoft.com/dotnet/fundamentals/code-analysis/quality-rules/ca1416) [/Users/polar/Documents/Projects/github.com/monokrome/PkHex.js/src/PKHeXWasm/PKHeXWasm.csproj]
/Users/polar/Documents/Projects/github.com/monokrome/PkHex.js/src/PKHeXWasm/Api/PKHeXWasmApi.cs(71,6): warning CA1416: This call site is reachable on all platforms. 'JSExportAttribute' is only supported on: 'browser'. (https://learn.microsoft.com/dotnet/fundamentals/code-analysis/quality-rules/ca1416) [/Users/polar/Documents/Projects/github.com/monokrome/PkHex.js/src/PKHeXWasm/PKHeXWasm.csproj]
/Users/polar/Documents/Projects/github.com/monokrome/PkHex.js/src/PKHeXWasm/Api/PKHeXWasmApi.cs(108,6): warning CA1416: This call site is reachable on all platforms. 'JSExportAttribute' is only supported on: 'browser'. (https://learn.microsoft.com/dotnet/fundamentals/code-analysis/quality-rules/ca1416) [/Users/polar/Documents/Projects/github.com/monokrome/PkHex.js/src/PKHeXWasm/PKHeXWasm.csproj]
/Users/polar/Documents/Projects/github.com/monokrome/PkHex.js/src/PKHeXWasm/Api/PKHeXWasmApi.cs(183,6): warning CA1416: This call site is reachable on all platforms. 'JSExportAttribute' is only supported on: 'browser'. (https://learn.microsoft.com/dotnet/fundamentals/code-analysis/quality-rules/ca1416) [/Users/polar/Documents/Projects/github.com/monokrome/PkHex.js/src/PKHeXWasm/PKHeXWasm.csproj]
/Users/polar/Documents/Projects/github.com/monokrome/PkHex.js/src/PKHeXWasm/Api/PKHeXWasmApi.cs(146,6): warning CA1416: This call site is reachable on all platforms. 'JSExportAttribute' is only supported on: 'browser'. (https://learn.microsoft.com/dotnet/fundamentals/code-analysis/quality-rules/ca1416) [/Users/polar/Documents/Projects/github.com/monokrome/PkHex.js/src/PKHeXWasm/PKHeXWasm.csproj]
/Users/polar/Documents/Projects/github.com/monokrome/PkHex.js/src/PKHeXWasm/Api/PKHeXWasmApi.cs(210,6): warning CA1416: This call site is reachable on all platforms. 'JSExportAttribute' is only supported on: 'browser'. (https://learn.microsoft.com/dotnet/fundamentals/code-analysis/quality-rules/ca1416) [/Users/polar/Documents/Projects/github.com/monokrome/PkHex.js/src/PKHeXWasm/PKHeXWasm.csproj]
/Users/polar/Documents/Projects/github.com/monokrome/PkHex.js/src/PKHeXWasm/Api/PKHeXWasmApi.cs(237,6): warning CA1416: This call site is reachable on all platforms. 'JSExportAttribute' is only supported on: 'browser'. (https://learn.microsoft.com/dotnet/fundamentals/code-analysis/quality-rules/ca1416) [/Users/polar/Documents/Projects/github.com/monokrome/PkHex.js/src/PKHeXWasm/PKHeXWasm.csproj]
/Users/polar/Documents/Projects/github.com/monokrome/PkHex.js/src/PKHeXWasm/Api/PKHeXWasmApi.cs(259,24): warning IL2026: Using member 'System.Text.Json.JsonSerializer.Deserialize<TValue>(String, JsonSerializerOptions)' which has 'RequiresUnreferencedCodeAttribute' can break functionality when trimming application code. JSON serialization and deserialization might require types that cannot be statically analyzed. Use the overload that takes a JsonTypeInfo or JsonSerializerContext, or make sure all of the required types are preserved. [/Users/polar/Documents/Projects/github.com/monokrome/PkHex.js/src/PKHeXWasm/PKHeXWasm.csproj]
/Users/polar/Documents/Projects/github.com/monokrome/PkHex.js/src/PKHeXWasm/Api/PKHeXWasmApi.cs(271,6): warning CA1416: This call site is reachable on all platforms. 'JSExportAttribute' is only supported on: 'browser'. (https://learn.microsoft.com/dotnet/fundamentals/code-analysis/quality-rules/ca1416) [/Users/polar/Documents/Projects/github.com/monokrome/PkHex.js/src/PKHeXWasm/PKHeXWasm.csproj]
/Users/polar/Documents/Projects/github.com/monokrome/PkHex.js/src/PKHeXWasm/Api/PKHeXWasmApi.cs(310,6): warning CA1416: This call site is reachable on all platforms. 'JSExportAttribute' is only supported on: 'browser'. (https://learn.microsoft.com/dotnet/fundamentals/code-analysis/quality-rules/ca1416) [/Users/polar/Documents/Projects/github.com/monokrome/PkHex.js/src/PKHeXWasm/PKHeXWasm.csproj]
/Users/polar/Documents/Projects/github.com/monokrome/PkHex.js/src/PKHeXWasm/Api/PKHeXWasmApi.cs(335,6): warning CA1416: This call site is reachable on all platforms. 'JSExportAttribute' is only supported on: 'browser'. (https://learn.microsoft.com/dotnet/fundamentals/code-analysis/quality-rules/ca1416) [/Users/polar/Documents/Projects/github.com/monokrome/PkHex.js/src/PKHeXWasm/PKHeXWasm.csproj]
/Users/polar/Documents/Projects/github.com/monokrome/PkHex.js/src/PKHeXWasm/Api/PKHeXWasmApi.cs(635,6): warning CA1416: This call site is reachable on all platforms. 'JSExportAttribute' is only supported on: 'browser'. (https://learn.microsoft.com/dotnet/fundamentals/code-analysis/quality-rules/ca1416) [/Users/polar/Documents/Projects/github.com/monokrome/PkHex.js/src/PKHeXWasm/PKHeXWasm.csproj]
/Users/polar/Documents/Projects/github.com/monokrome/PkHex.js/src/PKHeXWasm/Api/PKHeXWasmApi.cs(593,6): warning CA1416: This call site is reachable on all platforms. 'JSExportAttribute' is only supported on: 'browser'. (https://learn.microsoft.com/dotnet/fundamentals/code-analysis/quality-rules/ca1416) [/Users/polar/Documents/Projects/github.com/monokrome/PkHex.js/src/PKHeXWasm/PKHeXWasm.csproj]
/Users/polar/Documents/Projects/github.com/monokrome/PkHex.js/src/PKHeXWasm/Api/PKHeXWasmApi.cs(668,6): warning CA1416: This call site is reachable on all platforms. 'JSExportAttribute' is only supported on: 'browser'. (https://learn.microsoft.com/dotnet/fundamentals/code-analysis/quality-rules/ca1416) [/Users/polar/Documents/Projects/github.com/monokrome/PkHex.js/src/PKHeXWasm/PKHeXWasm.csproj]
/Users/polar/Documents/Projects/github.com/monokrome/PkHex.js/src/PKHeXWasm/Api/PKHeXWasmApi.cs(696,6): warning CA1416: This call site is reachable on all platforms. 'JSExportAttribute' is only supported on: 'browser'. (https://learn.microsoft.com/dotnet/fundamentals/code-analysis/quality-rules/ca1416) [/Users/polar/Documents/Projects/github.com/monokrome/PkHex.js/src/PKHeXWasm/PKHeXWasm.csproj]
/Users/polar/Documents/Projects/github.com/monokrome/PkHex.js/src/PKHeXWasm/Api/PKHeXWasmApi.cs(798,6): warning CA1416: This call site is reachable on all platforms. 'JSExportAttribute' is only supported on: 'browser'. (https://learn.microsoft.com/dotnet/fundamentals/code-analysis/quality-rules/ca1416) [/Users/polar/Documents/Projects/github.com/monokrome/PkHex.js/src/PKHeXWasm/PKHeXWasm.csproj]
/Users/polar/Documents/Projects/github.com/monokrome/PkHex.js/src/PKHeXWasm/Api/PKHeXWasmApi.cs(832,6): warning CA1416: This call site is reachable on all platforms. 'JSExportAttribute' is only supported on: 'browser'. (https://learn.microsoft.com/dotnet/fundamentals/code-analysis/quality-rules/ca1416) [/Users/polar/Documents/Projects/github.com/monokrome/PkHex.js/src/PKHeXWasm/PKHeXWasm.csproj]
/Users/polar/Documents/Projects/github.com/monokrome/PkHex.js/src/PKHeXWasm/Api/PKHeXWasmApi.cs(862,6): warning CA1416: This call site is reachable on all platforms. 'JSExportAttribute' is only supported on: 'browser'. (https://learn.microsoft.com/dotnet/fundamentals/code-analysis/quality-rules/ca1416) [/Users/polar/Documents/Projects/github.com/monokrome/PkHex.js/src/PKHeXWasm/PKHeXWasm.csproj]
/Users/polar/Documents/Projects/github.com/monokrome/PkHex.js/src/PKHeXWasm/Api/PKHeXWasmApi.cs(912,6): warning CA1416: This call site is reachable on all platforms. 'JSExportAttribute' is only supported on: 'browser'. (https://learn.microsoft.com/dotnet/fundamentals/code-analysis/quality-rules/ca1416) [/Users/polar/Documents/Projects/github.com/monokrome/PkHex.js/src/PKHeXWasm/PKHeXWasm.csproj]
/Users/polar/Documents/Projects/github.com/monokrome/PkHex.js/src/PKHeXWasm/Api/PKHeXWasmApi.cs(1010,6): warning CA1416: This call site is reachable on all platforms. 'JSExportAttribute' is only supported on: 'browser'. (https://learn.microsoft.com/dotnet/fundamentals/code-analysis/quality-rules/ca1416) [/Users/polar/Documents/Projects/github.com/monokrome/PkHex.js/src/PKHeXWasm/PKHeXWasm.csproj]
/Users/polar/Documents/Projects/github.com/monokrome/PkHex.js/src/PKHeXWasm/Api/PKHeXWasmApi.cs(950,6): warning CA1416: This call site is reachable on all platforms. 'JSExportAttribute' is only supported on: 'browser'. (https://learn.microsoft.com/dotnet/fundamentals/code-analysis/quality-rules/ca1416) [/Users/polar/Documents/Projects/github.com/monokrome/PkHex.js/src/PKHeXWasm/PKHeXWasm.csproj]
/Users/polar/Documents/Projects/github.com/monokrome/PkHex.js/src/PKHeXWasm/Api/PKHeXWasmApi.cs(1070,6): warning CA1416: This call site is reachable on all platforms. 'JSExportAttribute' is only supported on: 'browser'. (https://learn.microsoft.com/dotnet/fundamentals/code-analysis/quality-rules/ca1416) [/Users/polar/Documents/Projects/github.com/monokrome/PkHex.js/src/PKHeXWasm/PKHeXWasm.csproj]
/Users/polar/Documents/Projects/github.com/monokrome/PkHex.js/src/PKHeXWasm/Api/PKHeXWasmApi.cs(1038,6): warning CA1416: This call site is reachable on all platforms. 'JSExportAttribute' is only supported on: 'browser'. (https://learn.microsoft.com/dotnet/fundamentals/code-analysis/quality-rules/ca1416) [/Users/polar/Documents/Projects/github.com/monokrome/PkHex.js/src/PKHeXWasm/PKHeXWasm.csproj]
/Users/polar/Documents/Projects/github.com/monokrome/PkHex.js/src/PKHeXWasm/Api/PKHeXWasmApi.cs(1053,31): warning IL2026: Using member 'System.Text.Json.JsonSerializer.Deserialize<TValue>(String, JsonSerializerOptions)' which has 'RequiresUnreferencedCodeAttribute' can break functionality when trimming application code. JSON serialization and deserialization might require types that cannot be statically analyzed. Use the overload that takes a JsonTypeInfo or JsonSerializerContext, or make sure all of the required types are preserved. [/Users/polar/Documents/Projects/github.com/monokrome/PkHex.js/src/PKHeXWasm/PKHeXWasm.csproj]
/Users/polar/Documents/Projects/github.com/monokrome/PkHex.js/src/PKHeXWasm/Api/PKHeXWasmApi.cs(1098,6): warning CA1416: This call site is reachable on all platforms. 'JSExportAttribute' is only supported on: 'browser'. (https://learn.microsoft.com/dotnet/fundamentals/code-analysis/quality-rules/ca1416) [/Users/polar/Documents/Projects/github.com/monokrome/PkHex.js/src/PKHeXWasm/PKHeXWasm.csproj]
/Users/polar/Documents/Projects/github.com/monokrome/PkHex.js/src/PKHeXWasm/Api/PKHeXWasmApi.cs(1127,6): warning CA1416: This call site is reachable on all platforms. 'JSExportAttribute' is only supported on: 'browser'. (https://learn.microsoft.com/dotnet/fundamentals/code-analysis/quality-rules/ca1416) [/Users/polar/Documents/Projects/github.com/monokrome/PkHex.js/src/PKHeXWasm/PKHeXWasm.csproj]
/Users/polar/Documents/Projects/github.com/monokrome/PkHex.js/src/PKHeXWasm/Api/PKHeXWasmApi.cs(1142,30): warning IL2026: Using member 'System.Text.Json.JsonSerializer.Deserialize<TValue>(String, JsonSerializerOptions)' which has 'RequiresUnreferencedCodeAttribute' can break functionality when trimming application code. JSON serialization and deserialization might require types that cannot be statically analyzed. Use the overload that takes a JsonTypeInfo or JsonSerializerContext, or make sure all of the required types are preserved. [/Users/polar/Documents/Projects/github.com/monokrome/PkHex.js/src/PKHeXWasm/PKHeXWasm.csproj]
/Users/polar/Documents/Projects/github.com/monokrome/PkHex.js/src/PKHeXWasm/Api/PKHeXWasmApi.cs(1151,6): warning CA1416: This call site is reachable on all platforms. 'JSExportAttribute' is only supported on: 'browser'. (https://learn.microsoft.com/dotnet/fundamentals/code-analysis/quality-rules/ca1416) [/Users/polar/Documents/Projects/github.com/monokrome/PkHex.js/src/PKHeXWasm/PKHeXWasm.csproj]
/Users/polar/Documents/Projects/github.com/monokrome/PkHex.js/src/PKHeXWasm/Api/PKHeXWasmApi.cs(1187,6): warning CA1416: This call site is reachable on all platforms. 'JSExportAttribute' is only supported on: 'browser'. (https://learn.microsoft.com/dotnet/fundamentals/code-analysis/quality-rules/ca1416) [/Users/polar/Documents/Projects/github.com/monokrome/PkHex.js/src/PKHeXWasm/PKHeXWasm.csproj]
/Users/polar/Documents/Projects/github.com/monokrome/PkHex.js/src/PKHeXWasm/Api/PKHeXWasmApi.cs(1224,6): warning CA1416: This call site is reachable on all platforms. 'JSExportAttribute' is only supported on: 'browser'. (https://learn.microsoft.com/dotnet/fundamentals/code-analysis/quality-rules/ca1416) [/Users/polar/Documents/Projects/github.com/monokrome/PkHex.js/src/PKHeXWasm/PKHeXWasm.csproj]
/Users/polar/Documents/Projects/github.com/monokrome/PkHex.js/src/PKHeXWasm/Api/PKHeXWasmApi.cs(1249,6): warning CA1416: This call site is reachable on all platforms. 'JSExportAttribute' is only supported on: 'browser'. (https://learn.microsoft.com/dotnet/fundamentals/code-analysis/quality-rules/ca1416) [/Users/polar/Documents/Projects/github.com/monokrome/PkHex.js/src/PKHeXWasm/PKHeXWasm.csproj]
/Users/polar/Documents/Projects/github.com/monokrome/PkHex.js/src/PKHeXWasm/Api/PKHeXWasmApi.cs(1283,6): warning CA1416: This call site is reachable on all platforms. 'JSExportAttribute' is only supported on: 'browser'. (https://learn.microsoft.com/dotnet/fundamentals/code-analysis/quality-rules/ca1416) [/Users/polar/Documents/Projects/github.com/monokrome/PkHex.js/src/PKHeXWasm/PKHeXWasm.csproj]
/Users/polar/Documents/Projects/github.com/monokrome/PkHex.js/src/PKHeXWasm/Api/PKHeXWasmApi.cs(1311,6): warning CA1416: This call site is reachable on all platforms. 'JSExportAttribute' is only supported on: 'browser'. (https://learn.microsoft.com/dotnet/fundamentals/code-analysis/quality-rules/ca1416) [/Users/polar/Documents/Projects/github.com/monokrome/PkHex.js/src/PKHeXWasm/PKHeXWasm.csproj]
/Users/polar/Documents/Projects/github.com/monokrome/PkHex.js/src/PKHeXWasm/Api/PKHeXWasmApi.cs(1400,6): warning CA1416: This call site is reachable on all platforms. 'JSExportAttribute' is only supported on: 'browser'. (https://learn.microsoft.com/dotnet/fundamentals/code-analysis/quality-rules/ca1416) [/Users/polar/Documents/Projects/github.com/monokrome/PkHex.js/src/PKHeXWasm/PKHeXWasm.csproj]
/Users/polar/Documents/Projects/github.com/monokrome/PkHex.js/src/PKHeXWasm/Api/PKHeXWasmApi.cs(1457,6): warning CA1416: This call site is reachable on all platforms. 'JSExportAttribute' is only supported on: 'browser'. (https://learn.microsoft.com/dotnet/fundamentals/code-analysis/quality-rules/ca1416) [/Users/polar/Documents/Projects/github.com/monokrome/PkHex.js/src/PKHeXWasm/PKHeXWasm.csproj]
/Users/polar/Documents/Projects/github.com/monokrome/PkHex.js/src/PKHeXWasm/Api/PKHeXWasmApi.cs(1522,6): warning CA1416: This call site is reachable on all platforms. 'JSExportAttribute' is only supported on: 'browser'. (https://learn.microsoft.com/dotnet/fundamentals/code-analysis/quality-rules/ca1416) [/Users/polar/Documents/Projects/github.com/monokrome/PkHex.js/src/PKHeXWasm/PKHeXWasm.csproj]
/Users/polar/Documents/Projects/github.com/monokrome/PkHex.js/src/PKHeXWasm/Api/PKHeXWasmApi.cs(1569,6): warning CA1416: This call site is reachable on all platforms. 'JSExportAttribute' is only supported on: 'browser'. (https://learn.microsoft.com/dotnet/fundamentals/code-analysis/quality-rules/ca1416) [/Users/polar/Documents/Projects/github.com/monokrome/PkHex.js/src/PKHeXWasm/PKHeXWasm.csproj]
/Users/polar/Documents/Projects/github.com/monokrome/PkHex.js/src/PKHeXWasm/Api/PKHeXWasmApi.cs(1659,6): warning CA1416: This call site is reachable on all platforms. 'JSExportAttribute' is only supported on: 'browser'. (https://learn.microsoft.com/dotnet/fundamentals/code-analysis/quality-rules/ca1416) [/Users/polar/Documents/Projects/github.com/monokrome/PkHex.js/src/PKHeXWasm/PKHeXWasm.csproj]
/Users/polar/Documents/Projects/github.com/monokrome/PkHex.js/src/PKHeXWasm/Api/PKHeXWasmApi.cs(1617,6): warning CA1416: This call site is reachable on all platforms. 'JSExportAttribute' is only supported on: 'browser'. (https://learn.microsoft.com/dotnet/fundamentals/code-analysis/quality-rules/ca1416) [/Users/polar/Documents/Projects/github.com/monokrome/PkHex.js/src/PKHeXWasm/PKHeXWasm.csproj]
/Users/polar/Documents/Projects/github.com/monokrome/PkHex.js/src/PKHeXWasm/Api/PKHeXWasmApi.cs(1694,6): warning CA1416: This call site is reachable on all platforms. 'JSExportAttribute' is only supported on: 'browser'. (https://learn.microsoft.com/dotnet/fundamentals/code-analysis/quality-rules/ca1416) [/Users/polar/Documents/Projects/github.com/monokrome/PkHex.js/src/PKHeXWasm/PKHeXWasm.csproj]
/Users/polar/Documents/Projects/github.com/monokrome/PkHex.js/src/PKHeXWasm/Api/PKHeXWasmApi.cs(1716,6): warning CA1416: This call site is reachable on all platforms. 'JSExportAttribute' is only supported on: 'browser'. (https://learn.microsoft.com/dotnet/fundamentals/code-analysis/quality-rules/ca1416) [/Users/polar/Documents/Projects/github.com/monokrome/PkHex.js/src/PKHeXWasm/PKHeXWasm.csproj]
/Users/polar/Documents/Projects/github.com/monokrome/PkHex.js/src/PKHeXWasm/Api/PKHeXWasmApi.cs(1738,6): warning CA1416: This call site is reachable on all platforms. 'JSExportAttribute' is only supported on: 'browser'. (https://learn.microsoft.com/dotnet/fundamentals/code-analysis/quality-rules/ca1416) [/Users/polar/Documents/Projects/github.com/monokrome/PkHex.js/src/PKHeXWasm/PKHeXWasm.csproj]
/Users/polar/Documents/Projects/github.com/monokrome/PkHex.js/src/PKHeXWasm/Api/PKHeXWasmApi.cs(1942,6): warning CA1416: This call site is reachable on all platforms. 'JSExportAttribute' is only supported on: 'browser'. (https://learn.microsoft.com/dotnet/fundamentals/code-analysis/quality-rules/ca1416) [/Users/polar/Documents/Projects/github.com/monokrome/PkHex.js/src/PKHeXWasm/PKHeXWasm.csproj]
/Users/polar/Documents/Projects/github.com/monokrome/PkHex.js/src/PKHeXWasm/Api/PKHeXWasmApi.cs(1982,6): warning CA1416: This call site is reachable on all platforms. 'JSExportAttribute' is only supported on: 'browser'. (https://learn.microsoft.com/dotnet/fundamentals/code-analysis/quality-rules/ca1416) [/Users/polar/Documents/Projects/github.com/monokrome/PkHex.js/src/PKHeXWasm/PKHeXWasm.csproj]
/Users/polar/Documents/Projects/github.com/monokrome/PkHex.js/src/PKHeXWasm/Api/PKHeXWasmApi.cs(1841,6): warning CA1416: This call site is reachable on all platforms. 'JSExportAttribute' is only supported on: 'browser'. (https://learn.microsoft.com/dotnet/fundamentals/code-analysis/quality-rules/ca1416) [/Users/polar/Documents/Projects/github.com/monokrome/PkHex.js/src/PKHeXWasm/PKHeXWasm.csproj]
/Users/polar/Documents/Projects/github.com/monokrome/PkHex.js/src/PKHeXWasm/Api/PKHeXWasmApi.cs(2023,6): warning CA1416: This call site is reachable on all platforms. 'JSExportAttribute' is only supported on: 'browser'. (https://learn.microsoft.com/dotnet/fundamentals/code-analysis/quality-rules/ca1416) [/Users/polar/Documents/Projects/github.com/monokrome/PkHex.js/src/PKHeXWasm/PKHeXWasm.csproj]
/Users/polar/Documents/Projects/github.com/monokrome/PkHex.js/src/PKHeXWasm/Api/PKHeXWasmApi.cs(2063,6): warning CA1416: This call site is reachable on all platforms. 'JSExportAttribute' is only supported on: 'browser'. (https://learn.microsoft.com/dotnet/fundamentals/code-analysis/quality-rules/ca1416) [/Users/polar/Documents/Projects/github.com/monokrome/PkHex.js/src/PKHeXWasm/PKHeXWasm.csproj]
/Users/polar/Documents/Projects/github.com/monokrome/PkHex.js/src/PKHeXWasm/Api/PKHeXWasmApi.cs(2104,6): warning CA1416: This call site is reachable on all platforms. 'JSExportAttribute' is only supported on: 'browser'. (https://learn.microsoft.com/dotnet/fundamentals/code-analysis/quality-rules/ca1416) [/Users/polar/Documents/Projects/github.com/monokrome/PkHex.js/src/PKHeXWasm/PKHeXWasm.csproj]
/Users/polar/Documents/Projects/github.com/monokrome/PkHex.js/src/PKHeXWasm/Api/PKHeXWasmApi.cs(2151,6): warning CA1416: This call site is reachable on all platforms. 'JSExportAttribute' is only supported on: 'browser'. (https://learn.microsoft.com/dotnet/fundamentals/code-analysis/quality-rules/ca1416) [/Users/polar/Documents/Projects/github.com/monokrome/PkHex.js/src/PKHeXWasm/PKHeXWasm.csproj]
/Users/polar/Documents/Projects/github.com/monokrome/PkHex.js/src/PKHeXWasm/Api/PKHeXWasmApi.cs(2200,6): warning CA1416: This call site is reachable on all platforms. 'JSExportAttribute' is only supported on: 'browser'. (https://learn.microsoft.com/dotnet/fundamentals/code-analysis/quality-rules/ca1416) [/Users/polar/Documents/Projects/github.com/monokrome/PkHex.js/src/PKHeXWasm/PKHeXWasm.csproj]
/Users/polar/Documents/Projects/github.com/monokrome/PkHex.js/src/PKHeXWasm/Api/PKHeXWasmApi.cs(2239,6): warning CA1416: This call site is reachable on all platforms. 'JSExportAttribute' is only supported on: 'browser'. (https://learn.microsoft.com/dotnet/fundamentals/code-analysis/quality-rules/ca1416) [/Users/polar/Documents/Projects/github.com/monokrome/PkHex.js/src/PKHeXWasm/PKHeXWasm.csproj]
/Users/polar/Documents/Projects/github.com/monokrome/PkHex.js/src/PKHeXWasm/Api/PKHeXWasmApi.cs(2276,6): warning CA1416: This call site is reachable on all platforms. 'JSExportAttribute' is only supported on: 'browser'. (https://learn.microsoft.com/dotnet/fundamentals/code-analysis/quality-rules/ca1416) [/Users/polar/Documents/Projects/github.com/monokrome/PkHex.js/src/PKHeXWasm/PKHeXWasm.csproj]
/Users/polar/Documents/Projects/github.com/monokrome/PkHex.js/src/PKHeXWasm/Api/PKHeXWasmApi.cs(2320,6): warning CA1416: This call site is reachable on all platforms. 'JSExportAttribute' is only supported on: 'browser'. (https://learn.microsoft.com/dotnet/fundamentals/code-analysis/quality-rules/ca1416) [/Users/polar/Documents/Projects/github.com/monokrome/PkHex.js/src/PKHeXWasm/PKHeXWasm.csproj]
/Users/polar/Documents/Projects/github.com/monokrome/PkHex.js/src/PKHeXWasm/Api/PKHeXWasmApi.cs(2362,6): warning CA1416: This call site is reachable on all platforms. 'JSExportAttribute' is only supported on: 'browser'. (https://learn.microsoft.com/dotnet/fundamentals/code-analysis/quality-rules/ca1416) [/Users/polar/Documents/Projects/github.com/monokrome/PkHex.js/src/PKHeXWasm/PKHeXWasm.csproj]
/Users/polar/Documents/Projects/github.com/monokrome/PkHex.js/src/PKHeXWasm/Api/PKHeXWasmApi.cs(2417,6): warning CA1416: This call site is reachable on all platforms. 'JSExportAttribute' is only supported on: 'browser'. (https://learn.microsoft.com/dotnet/fundamentals/code-analysis/quality-rules/ca1416) [/Users/polar/Documents/Projects/github.com/monokrome/PkHex.js/src/PKHeXWasm/PKHeXWasm.csproj]
/Users/polar/Documents/Projects/github.com/monokrome/PkHex.js/src/PKHeXWasm/Api/PKHeXWasmApi.cs(2568,6): warning CA1416: This call site is reachable on all platforms. 'JSExportAttribute' is only supported on: 'browser'. (https://learn.microsoft.com/dotnet/fundamentals/code-analysis/quality-rules/ca1416) [/Users/polar/Documents/Projects/github.com/monokrome/PkHex.js/src/PKHeXWasm/PKHeXWasm.csproj]
/Users/polar/Documents/Projects/github.com/monokrome/PkHex.js/src/PKHeXWasm/Api/PKHeXWasmApi.cs(2518,6): warning CA1416: This call site is reachable on all platforms. 'JSExportAttribute' is only supported on: 'browser'. (https://learn.microsoft.com/dotnet/fundamentals/code-analysis/quality-rules/ca1416) [/Users/polar/Documents/Projects/github.com/monokrome/PkHex.js/src/PKHeXWasm/PKHeXWasm.csproj]
/Users/polar/Documents/Projects/github.com/monokrome/PkHex.js/src/PKHeXWasm/Api/PKHeXWasmApi.cs(2603,6): warning CA1416: This call site is reachable on all platforms. 'JSExportAttribute' is only supported on: 'browser'. (https://learn.microsoft.com/dotnet/fundamentals/code-analysis/quality-rules/ca1416) [/Users/polar/Documents/Projects/github.com/monokrome/PkHex.js/src/PKHeXWasm/PKHeXWasm.csproj]
/Users/polar/Documents/Projects/github.com/monokrome/PkHex.js/src/PKHeXWasm/Api/PKHeXWasmApi.cs(2586,6): warning CA1416: This call site is reachable on all platforms. 'JSExportAttribute' is only supported on: 'browser'. (https://learn.microsoft.com/dotnet/fundamentals/code-analysis/quality-rules/ca1416) [/Users/polar/Documents/Projects/github.com/monokrome/PkHex.js/src/PKHeXWasm/PKHeXWasm.csproj]
/Users/polar/Documents/Projects/github.com/monokrome/PkHex.js/src/PKHeXWasm/Api/PKHeXWasmApi.cs(2536,24): warning IL2026: Using member 'System.Text.Json.JsonSerializer.Deserialize<TValue>(String, JsonSerializerOptions)' which has 'RequiresUnreferencedCodeAttribute' can break functionality when trimming application code. JSON serialization and deserialization might require types that cannot be statically analyzed. Use the overload that takes a JsonTypeInfo or JsonSerializerContext, or make sure all of the required types are preserved. [/Users/polar/Documents/Projects/github.com/monokrome/PkHex.js/src/PKHeXWasm/PKHeXWasm.csproj]
/Users/polar/Documents/Projects/github.com/monokrome/PkHex.js/src/PKHeXWasm/Api/PKHeXWasmApi.cs(2620,6): warning CA1416: This call site is reachable on all platforms. 'JSExportAttribute' is only supported on: 'browser'. (https://learn.microsoft.com/dotnet/fundamentals/code-analysis/quality-rules/ca1416) [/Users/polar/Documents/Projects/github.com/monokrome/PkHex.js/src/PKHeXWasm/PKHeXWasm.csproj]
/Users/polar/Documents/Projects/github.com/monokrome/PkHex.js/src/PKHeXWasm/Api/PKHeXWasmApi.cs(2650,6): warning CA1416: This call site is reachable on all platforms. 'JSExportAttribute' is only supported on: 'browser'. (https://learn.microsoft.com/dotnet/fundamentals/code-analysis/quality-rules/ca1416) [/Users/polar/Documents/Projects/github.com/monokrome/PkHex.js/src/PKHeXWasm/PKHeXWasm.csproj]
/Users/polar/Documents/Projects/github.com/monokrome/PkHex.js/src/PKHeXWasm/Api/PKHeXWasmApi.cs(2672,6): warning CA1416: This call site is reachable on all platforms. 'JSExportAttribute' is only supported on: 'browser'. (https://learn.microsoft.com/dotnet/fundamentals/code-analysis/quality-rules/ca1416) [/Users/polar/Documents/Projects/github.com/monokrome/PkHex.js/src/PKHeXWasm/PKHeXWasm.csproj]
/Users/polar/Documents/Projects/github.com/monokrome/PkHex.js/src/PKHeXWasm/Api/PKHeXWasmApi.cs(2694,6): warning CA1416: This call site is reachable on all platforms. 'JSExportAttribute' is only supported on: 'browser'. (https://learn.microsoft.com/dotnet/fundamentals/code-analysis/quality-rules/ca1416) [/Users/polar/Documents/Projects/github.com/monokrome/PkHex.js/src/PKHeXWasm/PKHeXWasm.csproj]
/Users/polar/Documents/Projects/github.com/monokrome/PkHex.js/src/PKHeXWasm/Api/PKHeXWasmApi.cs(2729,6): warning CA1416: This call site is reachable on all platforms. 'JSExportAttribute' is only supported on: 'browser'. (https://learn.microsoft.com/dotnet/fundamentals/code-analysis/quality-rules/ca1416) [/Users/polar/Documents/Projects/github.com/monokrome/PkHex.js/src/PKHeXWasm/PKHeXWasm.csproj]
/Users/polar/Documents/Projects/github.com/monokrome/PkHex.js/src/PKHeXWasm/Api/PKHeXWasmApi.cs(2751,6): warning CA1416: This call site is reachable on all platforms. 'JSExportAttribute' is only supported on: 'browser'. (https://learn.microsoft.com/dotnet/fundamentals/code-analysis/quality-rules/ca1416) [/Users/polar/Documents/Projects/github.com/monokrome/PkHex.js/src/PKHeXWasm/PKHeXWasm.csproj]
/Users/polar/Documents/Projects/github.com/monokrome/PkHex.js/src/PKHeXWasm/Api/PKHeXWasmApi.cs(2710,6): warning CA1416: This call site is reachable on all platforms. 'JSExportAttribute' is only supported on: 'browser'. (https://learn.microsoft.com/dotnet/fundamentals/code-analysis/quality-rules/ca1416) [/Users/polar/Documents/Projects/github.com/monokrome/PkHex.js/src/PKHeXWasm/PKHeXWasm.csproj]
/Users/polar/Documents/Projects/github.com/monokrome/PkHex.js/src/PKHeXWasm/Api/PKHeXWasmApi.cs(2770,6): warning CA1416: This call site is reachable on all platforms. 'JSExportAttribute' is only supported on: 'browser'. (https://learn.microsoft.com/dotnet/fundamentals/code-analysis/quality-rules/ca1416) [/Users/polar/Documents/Projects/github.com/monokrome/PkHex.js/src/PKHeXWasm/PKHeXWasm.csproj]
/Users/polar/Documents/Projects/github.com/monokrome/PkHex.js/src/PKHeXWasm/Api/PKHeXWasmApi.cs(2817,6): warning CA1416: This call site is reachable on all platforms. 'JSExportAttribute' is only supported on: 'browser'. (https://learn.microsoft.com/dotnet/fundamentals/code-analysis/quality-rules/ca1416) [/Users/polar/Documents/Projects/github.com/monokrome/PkHex.js/src/PKHeXWasm/PKHeXWasm.csproj]
/Users/polar/Documents/Projects/github.com/monokrome/PkHex.js/src/PKHeXWasm/Api/PKHeXWasmApi.cs(2857,6): warning CA1416: This call site is reachable on all platforms. 'JSExportAttribute' is only supported on: 'browser'. (https://learn.microsoft.com/dotnet/fundamentals/code-analysis/quality-rules/ca1416) [/Users/polar/Documents/Projects/github.com/monokrome/PkHex.js/src/PKHeXWasm/PKHeXWasm.csproj]
/Users/polar/Documents/Projects/github.com/monokrome/PkHex.js/src/PKHeXWasm/Api/PKHeXWasmApi.cs(2894,6): warning CA1416: This call site is reachable on all platforms. 'JSExportAttribute' is only supported on: 'browser'. (https://learn.microsoft.com/dotnet/fundamentals/code-analysis/quality-rules/ca1416) [/Users/polar/Documents/Projects/github.com/monokrome/PkHex.js/src/PKHeXWasm/PKHeXWasm.csproj]
/Users/polar/Documents/Projects/github.com/monokrome/PkHex.js/src/PKHeXWasm/Api/PKHeXWasmApi.cs(2875,28): warning IL2026: Using member 'System.Text.Json.JsonSerializer.Deserialize<TValue>(String, JsonSerializerOptions)' which has 'RequiresUnreferencedCodeAttribute' can break functionality when trimming application code. JSON serialization and deserialization might require types that cannot be statically analyzed. Use the overload that takes a JsonTypeInfo or JsonSerializerContext, or make sure all of the required types are preserved. [/Users/polar/Documents/Projects/github.com/monokrome/PkHex.js/src/PKHeXWasm/PKHeXWasm.csproj]
/Users/polar/Documents/Projects/github.com/monokrome/PkHex.js/src/PKHeXWasm/Api/PKHeXWasmApi.cs(2924,6): warning CA1416: This call site is reachable on all platforms. 'JSExportAttribute' is only supported on: 'browser'. (https://learn.microsoft.com/dotnet/fundamentals/code-analysis/quality-rules/ca1416) [/Users/polar/Documents/Projects/github.com/monokrome/PkHex.js/src/PKHeXWasm/PKHeXWasm.csproj]
/Users/polar/Documents/Projects/github.com/monokrome/PkHex.js/src/PKHeXWasm/Api/PKHeXWasmApi.cs(2954,6): warning CA1416: This call site is reachable on all platforms. 'JSExportAttribute' is only supported on: 'browser'. (https://learn.microsoft.com/dotnet/fundamentals/code-analysis/quality-rules/ca1416) [/Users/polar/Documents/Projects/github.com/monokrome/PkHex.js/src/PKHeXWasm/PKHeXWasm.csproj]
/Users/polar/Documents/Projects/github.com/monokrome/PkHex.js/src/PKHeXWasm/Api/PKHeXWasmApi.cs(3030,6): warning CA1416: This call site is reachable on all platforms. 'JSExportAttribute' is only supported on: 'browser'. (https://learn.microsoft.com/dotnet/fundamentals/code-analysis/quality-rules/ca1416) [/Users/polar/Documents/Projects/github.com/monokrome/PkHex.js/src/PKHeXWasm/PKHeXWasm.csproj]
/Users/polar/Documents/Projects/github.com/monokrome/PkHex.js/src/PKHeXWasm/Api/PKHeXWasmApi.cs(3072,6): warning CA1416: This call site is reachable on all platforms. 'JSExportAttribute' is only supported on: 'browser'. (https://learn.microsoft.com/dotnet/fundamentals/code-analysis/quality-rules/ca1416) [/Users/polar/Documents/Projects/github.com/monokrome/PkHex.js/src/PKHeXWasm/PKHeXWasm.csproj]
/Users/polar/Documents/Projects/github.com/monokrome/PkHex.js/src/PKHeXWasm/Api/PKHeXWasmApi.cs(3110,6): warning CA1416: This call site is reachable on all platforms. 'JSExportAttribute' is only supported on: 'browser'. (https://learn.microsoft.com/dotnet/fundamentals/code-analysis/quality-rules/ca1416) [/Users/polar/Documents/Projects/github.com/monokrome/PkHex.js/src/PKHeXWasm/PKHeXWasm.csproj]
/Users/polar/Documents/Projects/github.com/monokrome/PkHex.js/src/PKHeXWasm/Api/PKHeXWasmApi.cs(3144,6): warning CA1416: This call site is reachable on all platforms. 'JSExportAttribute' is only supported on: 'browser'. (https://learn.microsoft.com/dotnet/fundamentals/code-analysis/quality-rules/ca1416) [/Users/polar/Documents/Projects/github.com/monokrome/PkHex.js/src/PKHeXWasm/PKHeXWasm.csproj]
/Users/polar/Documents/Projects/github.com/monokrome/PkHex.js/src/PKHeXWasm/Api/PKHeXWasmApi.cs(3175,6): warning CA1416: This call site is reachable on all platforms. 'JSExportAttribute' is only supported on: 'browser'. (https://learn.microsoft.com/dotnet/fundamentals/code-analysis/quality-rules/ca1416) [/Users/polar/Documents/Projects/github.com/monokrome/PkHex.js/src/PKHeXWasm/PKHeXWasm.csproj]
/Users/polar/Documents/Projects/github.com/monokrome/PkHex.js/src/PKHeXWasm/Api/PKHeXWasmApi.cs(3189,6): warning CA1416: This call site is reachable on all platforms. 'JSExportAttribute' is only supported on: 'browser'. (https://learn.microsoft.com/dotnet/fundamentals/code-analysis/quality-rules/ca1416) [/Users/polar/Documents/Projects/github.com/monokrome/PkHex.js/src/PKHeXWasm/PKHeXWasm.csproj]
/Users/polar/Documents/Projects/github.com/monokrome/PkHex.js/src/PKHeXWasm/Api/PKHeXWasmApi.cs(3206,6): warning CA1416: This call site is reachable on all platforms. 'JSExportAttribute' is only supported on: 'browser'. (https://learn.microsoft.com/dotnet/fundamentals/code-analysis/quality-rules/ca1416) [/Users/polar/Documents/Projects/github.com/monokrome/PkHex.js/src/PKHeXWasm/PKHeXWasm.csproj]
/Users/polar/Documents/Projects/github.com/monokrome/PkHex.js/src/PKHeXWasm/Api/PKHeXWasmApi.cs(3220,6): warning CA1416: This call site is reachable on all platforms. 'JSExportAttribute' is only supported on: 'browser'. (https://learn.microsoft.com/dotnet/fundamentals/code-analysis/quality-rules/ca1416) [/Users/polar/Documents/Projects/github.com/monokrome/PkHex.js/src/PKHeXWasm/PKHeXWasm.csproj]
/Users/polar/Documents/Projects/github.com/monokrome/PkHex.js/src/PKHeXWasm/Api/PKHeXWasmApi.cs(3237,6): warning CA1416: This call site is reachable on all platforms. 'JSExportAttribute' is only supported on: 'browser'. (https://learn.microsoft.com/dotnet/fundamentals/code-analysis/quality-rules/ca1416) [/Users/polar/Documents/Projects/github.com/monokrome/PkHex.js/src/PKHeXWasm/PKHeXWasm.csproj]
/Users/polar/Documents/Projects/github.com/monokrome/PkHex.js/src/PKHeXWasm/Api/PKHeXWasmApi.cs(3251,6): warning CA1416: This call site is reachable on all platforms. 'JSExportAttribute' is only supported on: 'browser'. (https://learn.microsoft.com/dotnet/fundamentals/code-analysis/quality-rules/ca1416) [/Users/polar/Documents/Projects/github.com/monokrome/PkHex.js/src/PKHeXWasm/PKHeXWasm.csproj]
/Users/polar/Documents/Projects/github.com/monokrome/PkHex.js/src/PKHeXWasm/Api/PKHeXWasmApi.cs(3268,6): warning CA1416: This call site is reachable on all platforms. 'JSExportAttribute' is only supported on: 'browser'. (https://learn.microsoft.com/dotnet/fundamentals/code-analysis/quality-rules/ca1416) [/Users/polar/Documents/Projects/github.com/monokrome/PkHex.js/src/PKHeXWasm/PKHeXWasm.csproj]
/Users/polar/Documents/Projects/github.com/monokrome/PkHex.js/src/PKHeXWasm/Api/PKHeXWasmApi.cs(3282,6): warning CA1416: This call site is reachable on all platforms. 'JSExportAttribute' is only supported on: 'browser'. (https://learn.microsoft.com/dotnet/fundamentals/code-analysis/quality-rules/ca1416) [/Users/polar/Documents/Projects/github.com/monokrome/PkHex.js/src/PKHeXWasm/PKHeXWasm.csproj]
/Users/polar/Documents/Projects/github.com/monokrome/PkHex.js/src/PKHeXWasm/Api/PKHeXWasmApi.cs(3299,6): warning CA1416: This call site is reachable on all platforms. 'JSExportAttribute' is only supported on: 'browser'. (https://learn.microsoft.com/dotnet/fundamentals/code-analysis/quality-rules/ca1416) [/Users/polar/Documents/Projects/github.com/monokrome/PkHex.js/src/PKHeXWasm/PKHeXWasm.csproj]
/Users/polar/Documents/Projects/github.com/monokrome/PkHex.js/src/PKHeXWasm/Api/PKHeXWasmApi.cs(3313,6): warning CA1416: This call site is reachable on all platforms. 'JSExportAttribute' is only supported on: 'browser'. (https://learn.microsoft.com/dotnet/fundamentals/code-analysis/quality-rules/ca1416) [/Users/polar/Documents/Projects/github.com/monokrome/PkHex.js/src/PKHeXWasm/PKHeXWasm.csproj]
/Users/polar/Documents/Projects/github.com/monokrome/PkHex.js/src/PKHeXWasm/Api/PKHeXWasmApi.cs(3330,6): warning CA1416: This call site is reachable on all platforms. 'JSExportAttribute' is only supported on: 'browser'. (https://learn.microsoft.com/dotnet/fundamentals/code-analysis/quality-rules/ca1416) [/Users/polar/Documents/Projects/github.com/monokrome/PkHex.js/src/PKHeXWasm/PKHeXWasm.csproj]
/Users/polar/Documents/Projects/github.com/monokrome/PkHex.js/src/PKHeXWasm/Api/PKHeXWasmApi.cs(3344,6): warning CA1416: This call site is reachable on all platforms. 'JSExportAttribute' is only supported on: 'browser'. (https://learn.microsoft.com/dotnet/fundamentals/code-analysis/quality-rules/ca1416) [/Users/polar/Documents/Projects/github.com/monokrome/PkHex.js/src/PKHeXWasm/PKHeXWasm.csproj]
  PKHeXWasm -> /Users/polar/Documents/Projects/github.com/monokrome/PkHex.js/dist/bin/Release/PKHeXWasm.dll
/Users/polar/.nuget/packages/microsoft.net.illink.tasks/9.0.8/build/Microsoft.NET.ILLink.targets(220,5): warning : Property 'TrimmerDefaultAction' is deprecated in .NET 7 and higher and will be ignored. Use TrimMode instead. [/Users/polar/Documents/Projects/github.com/monokrome/PkHex.js/src/PKHeXWasm/PKHeXWasm.csproj]
  Optimizing assemblies for size. This process might take a while.
/Users/polar/Documents/Projects/github.com/monokrome/PkHex.js/lib/PKHeX/PKHeX.Core/Util/ReflectUtil.cs(124,35): Trim analysis warning IL2070: PKHeX.Core.ReflectUtil.<>c.<GetAllConstructors>b__13_0(TypeInfo): 'this' argument does not satisfy 'DynamicallyAccessedMemberTypes.PublicConstructors', 'DynamicallyAccessedMemberTypes.NonPublicConstructors' in call to 'System.Reflection.TypeInfo.DeclaredConstructors.get'. The parameter 'ti' of method 'PKHeX.Core.ReflectUtil.<>c.<GetAllConstructors>b__13_0(TypeInfo)' does not have matching annotations. The source value must declare at least the same requirements as those declared on the target location it is assigned to. [/Users/polar/Documents/Projects/github.com/monokrome/PkHex.js/src/PKHeXWasm/PKHeXWasm.csproj]
/Users/polar/Documents/Projects/github.com/monokrome/PkHex.js/lib/PKHeX/PKHeX.Core/Util/ReflectUtil.cs(127,35): Trim analysis warning IL2070: PKHeX.Core.ReflectUtil.<>c.<GetAllEvents>b__14_0(TypeInfo): 'this' argument does not satisfy 'DynamicallyAccessedMemberTypes.PublicEvents', 'DynamicallyAccessedMemberTypes.NonPublicEvents' in call to 'System.Reflection.TypeInfo.DeclaredEvents.get'. The parameter 'ti' of method 'PKHeX.Core.ReflectUtil.<>c.<GetAllEvents>b__14_0(TypeInfo)' does not have matching annotations. The source value must declare at least the same requirements as those declared on the target location it is assigned to. [/Users/polar/Documents/Projects/github.com/monokrome/PkHex.js/src/PKHeXWasm/PKHeXWasm.csproj]
/Users/polar/Documents/Projects/github.com/monokrome/PkHex.js/lib/PKHeX/PKHeX.Core/Util/ReflectUtil.cs(130,35): Trim analysis warning IL2070: PKHeX.Core.ReflectUtil.<>c.<GetAllFields>b__15_0(TypeInfo): 'this' argument does not satisfy 'DynamicallyAccessedMemberTypes.PublicFields', 'DynamicallyAccessedMemberTypes.NonPublicFields' in call to 'System.Reflection.TypeInfo.DeclaredFields.get'. The parameter 'ti' of method 'PKHeX.Core.ReflectUtil.<>c.<GetAllFields>b__15_0(TypeInfo)' does not have matching annotations. The source value must declare at least the same requirements as those declared on the target location it is assigned to. [/Users/polar/Documents/Projects/github.com/monokrome/PkHex.js/src/PKHeXWasm/PKHeXWasm.csproj]
/Users/polar/Documents/Projects/github.com/monokrome/PkHex.js/lib/PKHeX/PKHeX.Core/Util/ReflectUtil.cs(133,35): Trim analysis warning IL2070: PKHeX.Core.ReflectUtil.<>c.<GetAllMembers>b__16_0(TypeInfo): 'this' argument does not satisfy 'DynamicallyAccessedMemberTypes.All' in call to 'System.Reflection.TypeInfo.DeclaredMembers.get'. The parameter 'ti' of method 'PKHeX.Core.ReflectUtil.<>c.<GetAllMembers>b__16_0(TypeInfo)' does not have matching annotations. The source value must declare at least the same requirements as those declared on the target location it is assigned to. [/Users/polar/Documents/Projects/github.com/monokrome/PkHex.js/src/PKHeXWasm/PKHeXWasm.csproj]
/Users/polar/Documents/Projects/github.com/monokrome/PkHex.js/lib/PKHeX/PKHeX.Core/Util/ReflectUtil.cs(136,35): Trim analysis warning IL2070: PKHeX.Core.ReflectUtil.<>c.<GetAllMethods>b__17_0(TypeInfo): 'this' argument does not satisfy 'DynamicallyAccessedMemberTypes.PublicMethods', 'DynamicallyAccessedMemberTypes.NonPublicMethods' in call to 'System.Reflection.TypeInfo.DeclaredMethods.get'. The parameter 'ti' of method 'PKHeX.Core.ReflectUtil.<>c.<GetAllMethods>b__17_0(TypeInfo)' does not have matching annotations. The source value must declare at least the same requirements as those declared on the target location it is assigned to. [/Users/polar/Documents/Projects/github.com/monokrome/PkHex.js/src/PKHeXWasm/PKHeXWasm.csproj]
/Users/polar/Documents/Projects/github.com/monokrome/PkHex.js/lib/PKHeX/PKHeX.Core/Util/ReflectUtil.cs(139,35): Trim analysis warning IL2070: PKHeX.Core.ReflectUtil.<>c.<GetAllNestedTypes>b__18_0(TypeInfo): 'this' argument does not satisfy 'DynamicallyAccessedMemberTypes.PublicNestedTypes', 'DynamicallyAccessedMemberTypes.NonPublicNestedTypes' in call to 'System.Reflection.TypeInfo.DeclaredNestedTypes.get'. The parameter 'ti' of method 'PKHeX.Core.ReflectUtil.<>c.<GetAllNestedTypes>b__18_0(TypeInfo)' does not have matching annotations. The source value must declare at least the same requirements as those declared on the target location it is assigned to. [/Users/polar/Documents/Projects/github.com/monokrome/PkHex.js/src/PKHeXWasm/PKHeXWasm.csproj]
/Users/polar/Documents/Projects/github.com/monokrome/PkHex.js/lib/PKHeX/PKHeX.Core/Util/ReflectUtil.cs(142,35): Trim analysis warning IL2070: PKHeX.Core.ReflectUtil.<>c.<GetAllProperties>b__19_0(TypeInfo): 'this' argument does not satisfy 'DynamicallyAccessedMemberTypes.PublicProperties', 'DynamicallyAccessedMemberTypes.NonPublicProperties' in call to 'System.Reflection.TypeInfo.DeclaredProperties.get'. The parameter 'ti' of method 'PKHeX.Core.ReflectUtil.<>c.<GetAllProperties>b__19_0(TypeInfo)' does not have matching annotations. The source value must declare at least the same requirements as those declared on the target location it is assigned to. [/Users/polar/Documents/Projects/github.com/monokrome/PkHex.js/src/PKHeXWasm/PKHeXWasm.csproj]
/Users/polar/Documents/Projects/github.com/monokrome/PkHex.js/lib/PKHeX/PKHeX.Core/Legality/Assets/BinLinkerAccessor.cs(53,9): Trim analysis warning IL2026: PKHeX.Core.BinLinkerAccessor.Get(ReadOnlySpan<Byte>, ReadOnlySpan<Byte>): Using member 'System.ComponentModel.DataAnnotations.LengthAttribute.LengthAttribute(Int32, Int32)' which has 'RequiresUnreferencedCodeAttribute' can break functionality when trimming application code. Uses reflection to get the 'Count' property on types that don't implement ICollection. This 'Count' property may be trimmed. Ensure it is preserved. [/Users/polar/Documents/Projects/github.com/monokrome/PkHex.js/src/PKHeXWasm/PKHeXWasm.csproj]
/Users/polar/Documents/Projects/github.com/monokrome/PkHex.js/lib/PKHeX/PKHeX.Core/Legality/Assets/BinLinkerAccessor.cs(67,5): Trim analysis warning IL2026: PKHeX.Core.BinLinkerAccessor.SanityCheckIdentifier(ReadOnlySpan<Byte>, ReadOnlySpan<Byte>): Using member 'System.ComponentModel.DataAnnotations.LengthAttribute.LengthAttribute(Int32, Int32)' which has 'RequiresUnreferencedCodeAttribute' can break functionality when trimming application code. Uses reflection to get the 'Count' property on types that don't implement ICollection. This 'Count' property may be trimmed. Ensure it is preserved. [/Users/polar/Documents/Projects/github.com/monokrome/PkHex.js/src/PKHeXWasm/PKHeXWasm.csproj]
/Users/polar/Documents/Projects/github.com/monokrome/PkHex.js/lib/PKHeX/PKHeX.Core/Legality/Assets/BinLinkerAccessor16.cs(56,9): Trim analysis warning IL2026: PKHeX.Core.BinLinkerAccessor16.Get(ReadOnlySpan<Byte>, ReadOnlySpan<Byte>): Using member 'System.ComponentModel.DataAnnotations.LengthAttribute.LengthAttribute(Int32, Int32)' which has 'RequiresUnreferencedCodeAttribute' can break functionality when trimming application code. Uses reflection to get the 'Count' property on types that don't implement ICollection. This 'Count' property may be trimmed. Ensure it is preserved. [/Users/polar/Documents/Projects/github.com/monokrome/PkHex.js/src/PKHeXWasm/PKHeXWasm.csproj]
/Users/polar/Documents/Projects/github.com/monokrome/PkHex.js/lib/PKHeX/PKHeX.Core/Legality/Assets/BinLinkerAccessor16.cs(70,5): Trim analysis warning IL2026: PKHeX.Core.BinLinkerAccessor16.SanityCheckIdentifier(ReadOnlySpan<Byte>, ReadOnlySpan<Byte>): Using member 'System.ComponentModel.DataAnnotations.LengthAttribute.LengthAttribute(Int32, Int32)' which has 'RequiresUnreferencedCodeAttribute' can break functionality when trimming application code. Uses reflection to get the 'Count' property on types that don't implement ICollection. This 'Count' property may be trimmed. Ensure it is preserved. [/Users/polar/Documents/Projects/github.com/monokrome/PkHex.js/src/PKHeXWasm/PKHeXWasm.csproj]
/Users/polar/Documents/Projects/github.com/monokrome/PkHex.js/lib/PKHeX/PKHeX.Core/Legality/RNG/ClassicEra/Gen3/ChannelJirachi.cs(154,9): Trim analysis warning IL2026: PKHeX.Core.ChannelJirachi.GetMenuPattern(UInt32, Span<Byte>): Using member 'System.ComponentModel.DataAnnotations.LengthAttribute.LengthAttribute(Int32, Int32)' which has 'RequiresUnreferencedCodeAttribute' can break functionality when trimming application code. Uses reflection to get the 'Count' property on types that don't implement ICollection. This 'Count' property may be trimmed. Ensure it is preserved. [/Users/polar/Documents/Projects/github.com/monokrome/PkHex.js/src/PKHeXWasm/PKHeXWasm.csproj]
/Users/polar/Documents/Projects/github.com/monokrome/PkHex.js/lib/PKHeX/PKHeX.Core/Legality/Encounters/Data/Gen3/Encounters3FRLG.cs(19,12): Trim analysis warning IL2026: PKHeX.Core.Encounters3FRLG.GetRegular(String, ReadOnlySpan<Byte>, GameVersion): Using member 'System.ComponentModel.DataAnnotations.LengthAttribute.LengthAttribute(Int32, Int32)' which has 'RequiresUnreferencedCodeAttribute' can break functionality when trimming application code. Uses reflection to get the 'Count' property on types that don't implement ICollection. This 'Count' property may be trimmed. Ensure it is preserved. [/Users/polar/Documents/Projects/github.com/monokrome/PkHex.js/src/PKHeXWasm/PKHeXWasm.csproj]
/Users/polar/Documents/Projects/github.com/monokrome/PkHex.js/lib/PKHeX/PKHeX.Core/Legality/Encounters/Data/Gen3/Encounters3RSE.cs(21,12): Trim analysis warning IL2026: PKHeX.Core.Encounters3RSE.GetRegular(String, ReadOnlySpan<Byte>, GameVersion): Using member 'System.ComponentModel.DataAnnotations.LengthAttribute.LengthAttribute(Int32, Int32)' which has 'RequiresUnreferencedCodeAttribute' can break functionality when trimming application code. Uses reflection to get the 'Count' property on types that don't implement ICollection. This 'Count' property may be trimmed. Ensure it is preserved. [/Users/polar/Documents/Projects/github.com/monokrome/PkHex.js/src/PKHeXWasm/PKHeXWasm.csproj]
/Users/polar/Documents/Projects/github.com/monokrome/PkHex.js/lib/PKHeX/PKHeX.Core/Legality/Encounters/Data/Gen3/Encounters3RSE.cs(23,12): Trim analysis warning IL2026: PKHeX.Core.Encounters3RSE.GetSwarm(String, ReadOnlySpan<Byte>, GameVersion): Using member 'System.ComponentModel.DataAnnotations.LengthAttribute.LengthAttribute(Int32, Int32)' which has 'RequiresUnreferencedCodeAttribute' can break functionality when trimming application code. Uses reflection to get the 'Count' property on types that don't implement ICollection. This 'Count' property may be trimmed. Ensure it is preserved. [/Users/polar/Documents/Projects/github.com/monokrome/PkHex.js/src/PKHeXWasm/PKHeXWasm.csproj]
/Users/polar/Documents/Projects/github.com/monokrome/PkHex.js/lib/PKHeX/PKHeX.Core/Legality/Encounters/Data/Gen8/Encounters8Nest.cs(311,9): Trim analysis warning IL2026: PKHeX.Core.Encounters8Nest.GetBase(String, GameVersion): Using member 'System.ComponentModel.DataAnnotations.LengthAttribute.LengthAttribute(Int32, Int32)' which has 'RequiresUnreferencedCodeAttribute' can break functionality when trimming application code. Uses reflection to get the 'Count' property on types that don't implement ICollection. This 'Count' property may be trimmed. Ensure it is preserved. [/Users/polar/Documents/Projects/github.com/monokrome/PkHex.js/src/PKHeXWasm/PKHeXWasm.csproj]
/Users/polar/Documents/Projects/github.com/monokrome/PkHex.js/lib/PKHeX/PKHeX.Core/Legality/Encounters/Data/Gen8/Encounters8Nest.cs(326,9): Trim analysis warning IL2026: PKHeX.Core.Encounters8Nest.GetDist(String, GameVersion): Using member 'System.ComponentModel.DataAnnotations.LengthAttribute.LengthAttribute(Int32, Int32)' which has 'RequiresUnreferencedCodeAttribute' can break functionality when trimming application code. Uses reflection to get the 'Count' property on types that don't implement ICollection. This 'Count' property may be trimmed. Ensure it is preserved. [/Users/polar/Documents/Projects/github.com/monokrome/PkHex.js/src/PKHeXWasm/PKHeXWasm.csproj]
/Users/polar/Documents/Projects/github.com/monokrome/PkHex.js/lib/PKHeX/PKHeX.Core/Legality/Encounters/Data/EncounterUtil.cs(29,12): Trim analysis warning IL2026: PKHeX.Core.EncounterUtil.Get(String, ReadOnlySpan<Byte>): Using member 'System.ComponentModel.DataAnnotations.LengthAttribute.LengthAttribute(Int32, Int32)' which has 'RequiresUnreferencedCodeAttribute' can break functionality when trimming application code. Uses reflection to get the 'Count' property on types that don't implement ICollection. This 'Count' property may be trimmed. Ensure it is preserved. [/Users/polar/Documents/Projects/github.com/monokrome/PkHex.js/src/PKHeXWasm/PKHeXWasm.csproj]
/Users/polar/Documents/Projects/github.com/monokrome/PkHex.js/lib/PKHeX/PKHeX.Core/Legality/Encounters/Data/EncounterUtil.cs(35,12): Trim analysis warning IL2026: PKHeX.Core.EncounterUtil.Get16(String, ReadOnlySpan<Byte>): Using member 'System.ComponentModel.DataAnnotations.LengthAttribute.LengthAttribute(Int32, Int32)' which has 'RequiresUnreferencedCodeAttribute' can break functionality when trimming application code. Uses reflection to get the 'Count' property on types that don't implement ICollection. This 'Count' property may be trimmed. Ensure it is preserved. [/Users/polar/Documents/Projects/github.com/monokrome/PkHex.js/src/PKHeXWasm/PKHeXWasm.csproj]
/Users/polar/Documents/Projects/github.com/monokrome/PkHex.js/lib/PKHeX/PKHeX.Core/PKM/Util/EntityBlank.cs(28,30): Trim analysis warning IL2070: PKHeX.Core.EntityBlank.GetBlank(TypeInfo): 'this' argument does not satisfy 'DynamicallyAccessedMemberTypes.PublicConstructors', 'DynamicallyAccessedMemberTypes.NonPublicConstructors' in call to 'System.Reflection.TypeInfo.DeclaredConstructors.get'. The parameter 'type' of method 'PKHeX.Core.EntityBlank.GetBlank(TypeInfo)' does not have matching annotations. The source value must declare at least the same requirements as those declared on the target location it is assigned to. [/Users/polar/Documents/Projects/github.com/monokrome/PkHex.js/src/PKHeXWasm/PKHeXWasm.csproj]
/Users/polar/Documents/Projects/github.com/monokrome/PkHex.js/lib/PKHeX/PKHeX.Core/PKM/Util/EntityBlank.cs(70,9): Trim analysis warning IL2057: PKHeX.Core.EntityBlank.GetBlank(Byte): Unrecognized value passed to the parameter 'typeName' of method 'System.Type.GetType(String)'. It's not possible to guarantee the availability of the target type. [/Users/polar/Documents/Projects/github.com/monokrome/PkHex.js/src/PKHeXWasm/PKHeXWasm.csproj]
/Users/polar/Documents/Projects/github.com/monokrome/PkHex.js/lib/PKHeX/PKHeX.Core/Legality/Evolutions/EvolutionTree.cs(32,9): Trim analysis warning IL2026: PKHeX.Core.EvolutionTree.Get(String, ReadOnlySpan<Byte>, Byte): Using member 'System.ComponentModel.DataAnnotations.LengthAttribute.LengthAttribute(Int32, Int32)' which has 'RequiresUnreferencedCodeAttribute' can break functionality when trimming application code. Uses reflection to get the 'Count' property on types that don't implement ICollection. This 'Count' property may be trimmed. Ensure it is preserved. [/Users/polar/Documents/Projects/github.com/monokrome/PkHex.js/src/PKHeXWasm/PKHeXWasm.csproj]
/Users/polar/Documents/Projects/github.com/monokrome/PkHex.js/lib/PKHeX/PKHeX.Core/Util/Localization/LocalizationUtil.cs(34,9): Trim analysis warning IL2070: PKHeX.Core.LocalizationUtil.DumpStrings(Type): 'this' argument does not satisfy 'DynamicallyAccessedMemberTypes.PublicProperties', 'DynamicallyAccessedMemberTypes.NonPublicProperties' in call to 'System.Reflection.TypeInfo.DeclaredProperties.get'. The parameter 't' of method 'PKHeX.Core.LocalizationUtil.DumpStrings(Type)' does not have matching annotations. The source value must declare at least the same requirements as those declared on the target location it is assigned to. [/Users/polar/Documents/Projects/github.com/monokrome/PkHex.js/src/PKHeXWasm/PKHeXWasm.csproj]
/Users/polar/Documents/Projects/github.com/monokrome/PkHex.js/lib/PKHeX/PKHeX.Core/Util/Localization/LocalizationUtil.cs(80,27): Trim analysis warning IL2070: PKHeX.Core.LocalizationUtil.SetLocalization(Type, ReadOnlySpan<String>): 'this' argument does not satisfy 'DynamicallyAccessedMemberTypes.PublicProperties', 'DynamicallyAccessedMemberTypes.NonPublicProperties' in call to 'System.Reflection.TypeInfo.DeclaredProperties.get'. The parameter 't' of method 'PKHeX.Core.LocalizationUtil.SetLocalization(Type, ReadOnlySpan<String>)' does not have matching annotations. The source value must declare at least the same requirements as those declared on the target location it is assigned to. [/Users/polar/Documents/Projects/github.com/monokrome/PkHex.js/src/PKHeXWasm/PKHeXWasm.csproj]
/Users/polar/Documents/Projects/github.com/monokrome/PkHex.js/lib/PKHeX/PKHeX.Core/Util/ReflectUtil.cs(191,9): Trim analysis warning IL2070: PKHeX.Core.ReflectUtil.GetAllConstantsOfType<T>(Type): 'this' argument does not satisfy 'DynamicallyAccessedMemberTypes.PublicFields', 'DynamicallyAccessedMemberTypes.NonPublicFields' in call to 'System.Type.GetFields(BindingFlags)'. The parameter 'type' of method 'PKHeX.Core.ReflectUtil.GetAllConstantsOfType<T>(Type)' does not have matching annotations. The source value must declare at least the same requirements as those declared on the target location it is assigned to. [/Users/polar/Documents/Projects/github.com/monokrome/PkHex.js/src/PKHeXWasm/PKHeXWasm.csproj]
/Users/polar/Documents/Projects/github.com/monokrome/PkHex.js/lib/PKHeX/PKHeX.Core/Util/ReflectUtil.cs(198,9): Trim analysis warning IL2070: PKHeX.Core.ReflectUtil.GetAllPropertiesOfType<T>(Type, Object): 'this' argument does not satisfy 'DynamicallyAccessedMemberTypes.PublicProperties', 'DynamicallyAccessedMemberTypes.NonPublicProperties' in call to 'System.Type.GetProperties(BindingFlags)'. The parameter 'type' of method 'PKHeX.Core.ReflectUtil.GetAllPropertiesOfType<T>(Type, Object)' does not have matching annotations. The source value must declare at least the same requirements as those declared on the target location it is assigned to. [/Users/polar/Documents/Projects/github.com/monokrome/PkHex.js/src/PKHeXWasm/PKHeXWasm.csproj]
/Users/polar/Documents/Projects/github.com/monokrome/PkHex.js/lib/PKHeX/PKHeX.Core/Util/ReflectUtil.cs(170,13): Trim analysis warning IL2075: PKHeX.Core.ReflectUtil.TryGetPropertyInfo(TypeInfo, String, PropertyInfo&): 'this' argument does not satisfy 'DynamicallyAccessedMemberTypes.PublicProperties', 'DynamicallyAccessedMemberTypes.NonPublicProperties' in call to 'System.Reflection.TypeInfo.GetDeclaredProperty(String)'. The return value of method 'System.Collections.Generic.IEnumerator<T>.Current.get' does not have matching annotations. The source value must declare at least the same requirements as those declared on the target location it is assigned to. [/Users/polar/Documents/Projects/github.com/monokrome/PkHex.js/src/PKHeXWasm/PKHeXWasm.csproj]
/Users/polar/Documents/Projects/github.com/monokrome/PkHex.js/lib/PKHeX/PKHeX.Core/Util/ReflectUtil.cs(173,31): Trim analysis warning IL2075: PKHeX.Core.ReflectUtil.TryGetPropertyInfo(TypeInfo, String, PropertyInfo&): 'this' argument does not satisfy 'DynamicallyAccessedMemberTypes.Interfaces' in call to 'System.Reflection.TypeInfo.ImplementedInterfaces.get'. The return value of method 'System.Collections.Generic.IEnumerator<T>.Current.get' does not have matching annotations. The source value must declare at least the same requirements as those declared on the target location it is assigned to. [/Users/polar/Documents/Projects/github.com/monokrome/PkHex.js/src/PKHeXWasm/PKHeXWasm.csproj]
/Users/polar/Documents/Projects/github.com/monokrome/PkHex.js/lib/PKHeX/PKHeX.Core/Util/ReflectUtil.cs(175,17): Trim analysis warning IL2075: PKHeX.Core.ReflectUtil.TryGetPropertyInfo(TypeInfo, String, PropertyInfo&): 'this' argument does not satisfy 'DynamicallyAccessedMemberTypes.PublicProperties', 'DynamicallyAccessedMemberTypes.NonPublicProperties' in call to 'System.Reflection.TypeInfo.GetDeclaredProperty(String)'. The return value of method 'System.Collections.Generic.IEnumerator<T>.Current.get' does not have matching annotations. The source value must declare at least the same requirements as those declared on the target location it is assigned to. [/Users/polar/Documents/Projects/github.com/monokrome/PkHex.js/src/PKHeXWasm/PKHeXWasm.csproj]
/Users/polar/Documents/Projects/github.com/monokrome/PkHex.js/lib/PKHeX/PKHeX.Core/Util/ValueTypeTypeConverter.cs(24,13): Trim analysis warning IL2075: PKHeX.Core.ValueTypeTypeConverter.CreateInstance(ITypeDescriptorContext, IDictionary): 'this' argument does not satisfy 'DynamicallyAccessedMemberTypes.PublicProperties' in call to 'System.Type.GetProperty(String)'. The return value of method 'System.ComponentModel.PropertyDescriptor.PropertyType.get' does not have matching annotations. The source value must declare at least the same requirements as those declared on the target location it is assigned to. [/Users/polar/Documents/Projects/github.com/monokrome/PkHex.js/src/PKHeXWasm/PKHeXWasm.csproj]
/Users/polar/Documents/Projects/github.com/monokrome/PkHex.js/src/PKHeXWasm/Api/PKHeXWasmApi.cs(1053,13): Trim analysis warning IL2026: PKHeXWasm.Api.PKHeXWasmApi.<>c__DisplayClass26_0.<SetTrainerInfo>b__0(): Using member 'System.Text.Json.JsonSerializer.Deserialize<TValue>(String, JsonSerializerOptions)' which has 'RequiresUnreferencedCodeAttribute' can break functionality when trimming application code. JSON serialization and deserialization might require types that cannot be statically analyzed. Use the overload that takes a JsonTypeInfo or JsonSerializerContext, or make sure all of the required types are preserved. [/Users/polar/Documents/Projects/github.com/monokrome/PkHex.js/src/PKHeXWasm/PKHeXWasm.csproj]
/Users/polar/Documents/Projects/github.com/monokrome/PkHex.js/src/PKHeXWasm/Api/PKHeXWasmApi.cs(1142,13): Trim analysis warning IL2026: PKHeXWasm.Api.PKHeXWasmApi.<>c__DisplayClass29_0.<SetTrainerAppearance>b__0(): Using member 'System.Text.Json.JsonSerializer.Deserialize<TValue>(String, JsonSerializerOptions)' which has 'RequiresUnreferencedCodeAttribute' can break functionality when trimming application code. JSON serialization and deserialization might require types that cannot be statically analyzed. Use the overload that takes a JsonTypeInfo or JsonSerializerContext, or make sure all of the required types are preserved. [/Users/polar/Documents/Projects/github.com/monokrome/PkHex.js/src/PKHeXWasm/PKHeXWasm.csproj]
/Users/polar/Documents/Projects/github.com/monokrome/PkHex.js/src/PKHeXWasm/Api/PKHeXWasmApi.cs(2536,13): Trim analysis warning IL2026: PKHeXWasm.Api.PKHeXWasmApi.<>c__DisplayClass58_0.<SetHallOfFameEntry>b__0(): Using member 'System.Text.Json.JsonSerializer.Deserialize<TValue>(String, JsonSerializerOptions)' which has 'RequiresUnreferencedCodeAttribute' can break functionality when trimming application code. JSON serialization and deserialization might require types that cannot be statically analyzed. Use the overload that takes a JsonTypeInfo or JsonSerializerContext, or make sure all of the required types are preserved. [/Users/polar/Documents/Projects/github.com/monokrome/PkHex.js/src/PKHeXWasm/PKHeXWasm.csproj]
/Users/polar/Documents/Projects/github.com/monokrome/PkHex.js/src/PKHeXWasm/Api/PKHeXWasmApi.cs(2875,13): Trim analysis warning IL2026: PKHeXWasm.Api.PKHeXWasmApi.<>c__DisplayClass71_0.<SetMysteryGiftCard>b__0(): Using member 'System.Text.Json.JsonSerializer.Deserialize<TValue>(String, JsonSerializerOptions)' which has 'RequiresUnreferencedCodeAttribute' can break functionality when trimming application code. JSON serialization and deserialization might require types that cannot be statically analyzed. Use the overload that takes a JsonTypeInfo or JsonSerializerContext, or make sure all of the required types are preserved. [/Users/polar/Documents/Projects/github.com/monokrome/PkHex.js/src/PKHeXWasm/PKHeXWasm.csproj]
/Users/polar/Documents/Projects/github.com/monokrome/PkHex.js/src/PKHeXWasm/Api/PKHeXWasmApi.cs(259,13): Trim analysis warning IL2026: PKHeXWasm.Api.PKHeXWasmApi.<>c__DisplayClass9_0.<ModifyPokemon>b__0(): Using member 'System.Text.Json.JsonSerializer.Deserialize<TValue>(String, JsonSerializerOptions)' which has 'RequiresUnreferencedCodeAttribute' can break functionality when trimming application code. JSON serialization and deserialization might require types that cannot be statically analyzed. Use the overload that takes a JsonTypeInfo or JsonSerializerContext, or make sure all of the required types are preserved. [/Users/polar/Documents/Projects/github.com/monokrome/PkHex.js/src/PKHeXWasm/PKHeXWasm.csproj]
/Users/polar/Documents/Projects/github.com/monokrome/PkHex.js/src/PKHeXWasm/Helpers/ApiHelpers.cs(42,9): Trim analysis warning IL2026: PKHeXWasm.Helpers.ApiHelpers.SerializeError(String, String): Using member 'System.Text.Json.JsonSerializer.Serialize<TValue>(TValue, JsonSerializerOptions)' which has 'RequiresUnreferencedCodeAttribute' can break functionality when trimming application code. JSON serialization and deserialization might require types that cannot be statically analyzed. Use the overload that takes a JsonTypeInfo or JsonSerializerContext, or make sure all of the required types are preserved. [/Users/polar/Documents/Projects/github.com/monokrome/PkHex.js/src/PKHeXWasm/PKHeXWasm.csproj]
/Users/polar/Documents/Projects/github.com/monokrome/PkHex.js/src/PKHeXWasm/Helpers/ApiHelpers.cs(47,9): Trim analysis warning IL2026: PKHeXWasm.Helpers.ApiHelpers.SerializeSuccess<T>(T): Using member 'System.Text.Json.JsonSerializer.Serialize<TValue>(TValue, JsonSerializerOptions)' which has 'RequiresUnreferencedCodeAttribute' can break functionality when trimming application code. JSON serialization and deserialization might require types that cannot be statically analyzed. Use the overload that takes a JsonTypeInfo or JsonSerializerContext, or make sure all of the required types are preserved. [/Users/polar/Documents/Projects/github.com/monokrome/PkHex.js/src/PKHeXWasm/PKHeXWasm.csproj]
TrimmerRoots.xml(26,6): warning IL2008: Could not resolve type 'PKHeX.Core.LegalityCheckResult'. [/Users/polar/Documents/Projects/github.com/monokrome/PkHex.js/src/PKHeXWasm/PKHeXWasm.csproj]
  PKHeXWasm -> /Users/polar/Documents/Projects/github.com/monokrome/PkHex.js/dist/publish/
  Generated app bundle at /Users/polar/Documents/Projects/github.com/monokrome/PkHex.js/dist/bin/Release/AppBundle/
